172.219.80.80 - - [30/May/2013:19:59:31 +0000] "GET /favicon.ico HTTP/1.1" 304 185 "-" "Mozilla/5.0 (Macintosh; Intel Mac OS X 10_8_3) AppleWebKit/537.36 (KHTML, like Gecko) Chrome/27.0.1453.93 Safari/537.36"
172.219.80.80 - - [30/May/2013:19:59:33 +0000] "GET / HTTP/1.1" 302 467 "-" "Mozilla/5.0 (Macintosh; Intel Mac OS X 10_8_3) AppleWebKit/537.36 (KHTML, like Gecko) Chrome/27.0.1453.93 Safari/537.36"
66.175.209.111 - - [30/May/2013:19:59:33 +0000] "POST /4989/ HTTP/1.1" 404 486 "Osclass (v.312)" "-"
172.219.80.80 - - [30/May/2013:19:59:33 +0000] "GET / HTTP/1.1" 200 2802 "-" "Mozilla/5.0 (Macintosh; Intel Mac OS X 10_8_3) AppleWebKit/537.36 (KHTML, like Gecko) Chrome/27.0.1453.93 Safari/537.36"
172.219.80.80 - - [30/May/2013:19:59:33 +0000] "GET /4989/oc-content/themes/newcorp/js/jquery-extends.js HTTP/1.1" 404 531 "http://66.175.209.111/" "Mozilla/5.0 (Macintosh; Intel Mac OS X 10_8_3) AppleWebKit/537.36 (KHTML, like Gecko) Chrome/27.0.1453.93 Safari/537.36"
172.219.80.80 - - [30/May/2013:19:59:33 +0000] "GET /4989/oc-content/themes/newcorp/js/jquery.validate.min.js HTTP/1.1" 404 538 "http://66.175.209.111/" "Mozilla/5.0 (Macintosh; Intel Mac OS X 10_8_3) AppleWebKit/537.36 (KHTML, like Gecko) Chrome/27.0.1453.93 Safari/537.36"
172.219.80.80 - - [30/May/2013:19:59:33 +0000] "GET /4989/oc-content/themes/newcorp/css/style.css HTTP/1.1" 404 527 "http://66.175.209.111/" "Mozilla/5.0 (Macintosh; Intel Mac OS X 10_8_3) AppleWebKit/537.36 (KHTML, like Gecko) Chrome/27.0.1453.93 Safari/537.36"
172.219.80.80 - - [30/May/2013:19:59:33 +0000] "GET /4989/oc-content/themes/newcorp/js/jquery.js HTTP/1.1" 404 528 "http://66.175.209.111/" "Mozilla/5.0 (Macintosh; Intel Mac OS X 10_8_3) AppleWebKit/537.36 (KHTML, like Gecko) Chrome/27.0.1453.93 Safari/537.36"
172.219.80.80 - - [30/May/2013:19:59:33 +0000] "GET /4989/oc-content/themes/newcorp/js/global.js HTTP/1.1" 404 529 "http://66.175.209.111/" "Mozilla/5.0 (Macintosh; Intel Mac OS X 10_8_3) AppleWebKit/537.36 (KHTML, like Gecko) Chrome/27.0.1453.93 Safari/537.36"
172.219.80.80 - - [30/May/2013:19:59:34 +0000] "GET /4989/oc-content/themes/newcorp/favicon.ico HTTP/1.1" 404 526 "-" "Mozilla/5.0 (Macintosh; Intel Mac OS X 10_8_3) AppleWebKit/537.36 (KHTML, like Gecko) Chrome/27.0.1453.93 Safari/537.36"
::1 - - [30/May/2013:19:59:41 +0000] "OPTIONS * HTTP/1.0" 200 126 "-" "Apache/2.2.22 (Ubuntu) (internal dummy connection)"
::1 - - [30/May/2013:19:59:42 +0000] "OPTIONS * HTTP/1.0" 200 126 "-" "Apache/2.2.22 (Ubuntu) (internal dummy connection)"
::1 - - [30/May/2013:19:59:47 +0000] "OPTIONS * HTTP/1.0" 200 126 "-" "Apache/2.2.22 (Ubuntu) (internal dummy connection)"
115.186.159.191 - - [30/May/2013:20:12:08 +0000] "GET / HTTP/1.1" 302 467 "-" "Mozilla/5.0 (Windows NT 6.1; WOW64; rv:21.0) Gecko/20100101 Firefox/21.0"
66.175.209.111 - - [30/May/2013:20:12:09 +0000] "POST /4989/ HTTP/1.1" 404 486 "Osclass (v.312)" "-"
115.186.159.191 - - [30/May/2013:20:12:09 +0000] "GET / HTTP/1.1" 200 2804 "-" "Mozilla/5.0 (Windows NT 6.1; WOW64; rv:21.0) Gecko/20100101 Firefox/21.0"
115.186.159.191 - - [30/May/2013:20:12:10 +0000] "GET /4989/oc-content/themes/newcorp/css/style.css HTTP/1.1" 404 526 "http://66.175.209.111/" "Mozilla/5.0 (Windows NT 6.1; WOW64; rv:21.0) Gecko/20100101 Firefox/21.0"
115.186.159.191 - - [30/May/2013:20:12:10 +0000] "GET /4989/oc-content/themes/newcorp/js/jquery-extends.js HTTP/1.1" 404 532 "http://66.175.209.111/" "Mozilla/5.0 (Windows NT 6.1; WOW64; rv:21.0) Gecko/20100101 Firefox/21.0"
115.186.159.191 - - [30/May/2013:20:12:10 +0000] "GET /4989/oc-content/themes/newcorp/js/global.js HTTP/1.1" 404 529 "http://66.175.209.111/" "Mozilla/5.0 (Windows NT 6.1; WOW64; rv:21.0) Gecko/20100101 Firefox/21.0"
115.186.159.191 - - [30/May/2013:20:12:10 +0000] "GET /4989/oc-content/themes/newcorp/js/jquery.js HTTP/1.1" 404 528 "http://66.175.209.111/" "Mozilla/5.0 (Windows NT 6.1; WOW64; rv:21.0) Gecko/20100101 Firefox/21.0"
115.186.159.191 - - [30/May/2013:20:12:10 +0000] "GET /4989/oc-content/themes/newcorp/js/jquery.validate.min.js HTTP/1.1" 404 538 "http://66.175.209.111/" "Mozilla/5.0 (Windows NT 6.1; WOW64; rv:21.0) Gecko/20100101 Firefox/21.0"
115.186.159.191 - - [30/May/2013:20:12:11 +0000] "GET /4989/oc-content/themes/newcorp/js/jquery-extends.js HTTP/1.1" 404 531 "http://66.175.209.111/" "Mozilla/5.0 (Windows NT 6.1; WOW64; rv:21.0) Gecko/20100101 Firefox/21.0"
115.186.159.191 - - [30/May/2013:20:12:11 +0000] "GET /4989/oc-content/themes/newcorp/js/jquery.validate.min.js HTTP/1.1" 404 537 "http://66.175.209.111/" "Mozilla/5.0 (Windows NT 6.1; WOW64; rv:21.0) Gecko/20100101 Firefox/21.0"
115.186.159.191 - - [30/May/2013:20:12:12 +0000] "GET /4989/oc-content/themes/newcorp/js/global.js HTTP/1.1" 404 528 "http://66.175.209.111/" "Mozilla/5.0 (Windows NT 6.1; WOW64; rv:21.0) Gecko/20100101 Firefox/21.0"
::1 - - [30/May/2013:20:12:18 +0000] "OPTIONS * HTTP/1.0" 200 126 "-" "Apache/2.2.22 (Ubuntu) (internal dummy connection)"
66.175.209.111 - - [30/May/2013:20:12:19 +0000] "POST /4989/ HTTP/1.1" 404 486 "Osclass (v.312)" "-"
115.186.159.191 - - [30/May/2013:20:12:19 +0000] "GET / HTTP/1.1" 200 2805 "-" "Mozilla/5.0 (Windows NT 6.1; WOW64; rv:21.0) Gecko/20100101 Firefox/21.0"
115.186.159.191 - - [30/May/2013:20:12:20 +0000] "GET /4989/oc-content/themes/newcorp/css/style.css HTTP/1.1" 404 526 "http://66.175.209.111/" "Mozilla/5.0 (Windows NT 6.1; WOW64; rv:21.0) Gecko/20100101 Firefox/21.0"
115.186.159.191 - - [30/May/2013:20:12:20 +0000] "GET /4989/oc-content/themes/newcorp/js/jquery.js HTTP/1.1" 404 528 "http://66.175.209.111/" "Mozilla/5.0 (Windows NT 6.1; WOW64; rv:21.0) Gecko/20100101 Firefox/21.0"
115.186.159.191 - - [30/May/2013:20:12:20 +0000] "GET /4989/oc-content/themes/newcorp/js/jquery.validate.min.js HTTP/1.1" 404 538 "http://66.175.209.111/" "Mozilla/5.0 (Windows NT 6.1; WOW64; rv:21.0) Gecko/20100101 Firefox/21.0"
115.186.159.191 - - [30/May/2013:20:12:20 +0000] "GET /4989/oc-content/themes/newcorp/js/jquery-extends.js HTTP/1.1" 404 532 "http://66.175.209.111/" "Mozilla/5.0 (Windows NT 6.1; WOW64; rv:21.0) Gecko/20100101 Firefox/21.0"
115.186.159.191 - - [30/May/2013:20:12:20 +0000] "GET /4989/oc-content/themes/newcorp/js/global.js HTTP/1.1" 404 529 "http://66.175.209.111/" "Mozilla/5.0 (Windows NT 6.1; WOW64; rv:21.0) Gecko/20100101 Firefox/21.0"
115.186.159.191 - - [30/May/2013:20:12:21 +0000] "GET /4989/oc-content/themes/newcorp/js/jquery.validate.min.js HTTP/1.1" 404 537 "http://66.175.209.111/" "Mozilla/5.0 (Windows NT 6.1; WOW64; rv:21.0) Gecko/20100101 Firefox/21.0"
115.186.159.191 - - [30/May/2013:20:12:21 +0000] "GET /4989/oc-content/themes/newcorp/js/global.js HTTP/1.1" 404 528 "http://66.175.209.111/" "Mozilla/5.0 (Windows NT 6.1; WOW64; rv:21.0) Gecko/20100101 Firefox/21.0"
115.186.159.191 - - [30/May/2013:20:28:04 +0000] "GET /4989/ HTTP/1.1" 404 502 "-" "Mozilla/5.0 (Windows NT 6.1; WOW64; rv:21.0) Gecko/20100101 Firefox/21.0"
66.175.209.111 - - [30/May/2013:20:32:11 +0000] "POST /4989/ HTTP/1.1" 404 486 "Osclass (v.312)" "-"
115.186.159.191 - - [30/May/2013:20:32:11 +0000] "GET / HTTP/1.1" 200 2806 "-" "Mozilla/5.0 (Windows NT 6.1; WOW64; rv:21.0) Gecko/20100101 Firefox/21.0"
115.186.159.191 - - [30/May/2013:20:32:12 +0000] "GET /4989/oc-content/themes/newcorp/css/style.css HTTP/1.1" 404 526 "http://66.175.209.111/" "Mozilla/5.0 (Windows NT 6.1; WOW64; rv:21.0) Gecko/20100101 Firefox/21.0"
115.186.159.191 - - [30/May/2013:20:32:12 +0000] "GET /4989/oc-content/themes/newcorp/js/jquery.js HTTP/1.1" 404 528 "http://66.175.209.111/" "Mozilla/5.0 (Windows NT 6.1; WOW64; rv:21.0) Gecko/20100101 Firefox/21.0"
115.186.159.191 - - [30/May/2013:20:32:12 +0000] "GET /4989/oc-content/themes/newcorp/js/jquery-extends.js HTTP/1.1" 404 532 "http://66.175.209.111/" "Mozilla/5.0 (Windows NT 6.1; WOW64; rv:21.0) Gecko/20100101 Firefox/21.0"
115.186.159.191 - - [30/May/2013:20:32:12 +0000] "GET /4989/oc-content/themes/newcorp/js/global.js HTTP/1.1" 404 529 "http://66.175.209.111/" "Mozilla/5.0 (Windows NT 6.1; WOW64; rv:21.0) Gecko/20100101 Firefox/21.0"
115.186.159.191 - - [30/May/2013:20:32:12 +0000] "GET /4989/oc-content/themes/newcorp/js/jquery.validate.min.js HTTP/1.1" 404 538 "http://66.175.209.111/" "Mozilla/5.0 (Windows NT 6.1; WOW64; rv:21.0) Gecko/20100101 Firefox/21.0"
115.186.159.191 - - [30/May/2013:20:32:13 +0000] "GET /4989/oc-content/themes/newcorp/js/jquery-extends.js HTTP/1.1" 404 531 "http://66.175.209.111/" "Mozilla/5.0 (Windows NT 6.1; WOW64; rv:21.0) Gecko/20100101 Firefox/21.0"
115.186.159.191 - - [30/May/2013:20:32:13 +0000] "GET /4989/oc-content/themes/newcorp/js/jquery.validate.min.js HTTP/1.1" 404 537 "http://66.175.209.111/" "Mozilla/5.0 (Windows NT 6.1; WOW64; rv:21.0) Gecko/20100101 Firefox/21.0"
115.186.159.191 - - [30/May/2013:20:32:14 +0000] "GET /4989/oc-content/themes/newcorp/js/global.js HTTP/1.1" 404 528 "http://66.175.209.111/" "Mozilla/5.0 (Windows NT 6.1; WOW64; rv:21.0) Gecko/20100101 Firefox/21.0"
115.186.159.191 - - [30/May/2013:20:34:42 +0000] "GET / HTTP/1.1" 200 293 "-" "Mozilla/5.0 (Windows NT 6.1; WOW64; rv:21.0) Gecko/20100101 Firefox/21.0"
66.175.209.111 - - [30/May/2013:20:35:00 +0000] "POST /4989/ HTTP/1.1" 404 486 "Osclass (v.312)" "-"
115.186.159.191 - - [30/May/2013:20:35:00 +0000] "GET / HTTP/1.1" 200 2805 "-" "Mozilla/5.0 (Windows NT 6.1; WOW64; rv:21.0) Gecko/20100101 Firefox/21.0"
115.186.159.191 - - [30/May/2013:20:35:01 +0000] "GET /4989/oc-content/themes/newcorp/css/style.css HTTP/1.1" 404 526 "http://66.175.209.111/" "Mozilla/5.0 (Windows NT 6.1; WOW64; rv:21.0) Gecko/20100101 Firefox/21.0"
115.186.159.191 - - [30/May/2013:20:35:01 +0000] "GET /4989/oc-content/themes/newcorp/js/jquery.js HTTP/1.1" 404 528 "http://66.175.209.111/" "Mozilla/5.0 (Windows NT 6.1; WOW64; rv:21.0) Gecko/20100101 Firefox/21.0"
115.186.159.191 - - [30/May/2013:20:35:01 +0000] "GET /4989/oc-content/themes/newcorp/js/jquery-extends.js HTTP/1.1" 404 532 "http://66.175.209.111/" "Mozilla/5.0 (Windows NT 6.1; WOW64; rv:21.0) Gecko/20100101 Firefox/21.0"
115.186.159.191 - - [30/May/2013:20:35:01 +0000] "GET /4989/oc-content/themes/newcorp/js/global.js HTTP/1.1" 404 529 "http://66.175.209.111/" "Mozilla/5.0 (Windows NT 6.1; WOW64; rv:21.0) Gecko/20100101 Firefox/21.0"
115.186.159.191 - - [30/May/2013:20:35:01 +0000] "GET /4989/oc-content/themes/newcorp/js/jquery.validate.min.js HTTP/1.1" 404 538 "http://66.175.209.111/" "Mozilla/5.0 (Windows NT 6.1; WOW64; rv:21.0) Gecko/20100101 Firefox/21.0"
115.186.159.191 - - [30/May/2013:20:35:02 +0000] "GET /4989/oc-content/themes/newcorp/js/jquery-extends.js HTTP/1.1" 404 531 "http://66.175.209.111/" "Mozilla/5.0 (Windows NT 6.1; WOW64; rv:21.0) Gecko/20100101 Firefox/21.0"
115.186.159.191 - - [30/May/2013:20:35:02 +0000] "GET /4989/oc-content/themes/newcorp/js/jquery.validate.min.js HTTP/1.1" 404 537 "http://66.175.209.111/" "Mozilla/5.0 (Windows NT 6.1; WOW64; rv:21.0) Gecko/20100101 Firefox/21.0"
115.186.159.191 - - [30/May/2013:20:35:03 +0000] "GET /4989/oc-content/themes/newcorp/js/global.js HTTP/1.1" 404 528 "http://66.175.209.111/" "Mozilla/5.0 (Windows NT 6.1; WOW64; rv:21.0) Gecko/20100101 Firefox/21.0"
115.186.159.191 - - [30/May/2013:20:39:33 +0000] "GET /4989/oc-admin HTTP/1.1" 404 508 "-" "Mozilla/5.0 (Windows NT 6.1; WOW64; rv:21.0) Gecko/20100101 Firefox/21.0"
66.175.209.111 - - [30/May/2013:22:32:56 +0000] "POST /4989/ HTTP/1.1" 404 486 "Osclass (v.312)" "-"
172.219.80.80 - - [30/May/2013:22:32:56 +0000] "GET / HTTP/1.1" 200 2804 "-" "Mozilla/5.0 (Macintosh; Intel Mac OS X 10_8_3) AppleWebKit/537.36 (KHTML, like Gecko) Chrome/27.0.1453.93 Safari/537.36"
172.219.80.80 - - [30/May/2013:22:32:56 +0000] "GET /4989/oc-content/themes/newcorp/css/style.css HTTP/1.1" 404 526 "http://66.175.209.111/" "Mozilla/5.0 (Macintosh; Intel Mac OS X 10_8_3) AppleWebKit/537.36 (KHTML, like Gecko) Chrome/27.0.1453.93 Safari/537.36"
172.219.80.80 - - [30/May/2013:22:32:56 +0000] "GET /4989/oc-content/themes/newcorp/js/jquery.js HTTP/1.1" 404 528 "http://66.175.209.111/" "Mozilla/5.0 (Macintosh; Intel Mac OS X 10_8_3) AppleWebKit/537.36 (KHTML, like Gecko) Chrome/27.0.1453.93 Safari/537.36"
172.219.80.80 - - [30/May/2013:22:32:56 +0000] "GET /4989/oc-content/themes/newcorp/js/jquery-extends.js HTTP/1.1" 404 532 "http://66.175.209.111/" "Mozilla/5.0 (Macintosh; Intel Mac OS X 10_8_3) AppleWebKit/537.36 (KHTML, like Gecko) Chrome/27.0.1453.93 Safari/537.36"
172.219.80.80 - - [30/May/2013:22:32:56 +0000] "GET /4989/oc-content/themes/newcorp/js/jquery.validate.min.js HTTP/1.1" 404 538 "http://66.175.209.111/" "Mozilla/5.0 (Macintosh; Intel Mac OS X 10_8_3) AppleWebKit/537.36 (KHTML, like Gecko) Chrome/27.0.1453.93 Safari/537.36"
172.219.80.80 - - [30/May/2013:22:32:56 +0000] "GET /4989/oc-content/themes/newcorp/js/global.js HTTP/1.1" 404 529 "http://66.175.209.111/" "Mozilla/5.0 (Macintosh; Intel Mac OS X 10_8_3) AppleWebKit/537.36 (KHTML, like Gecko) Chrome/27.0.1453.93 Safari/537.36"
172.219.80.80 - - [30/May/2013:22:32:57 +0000] "GET /4989/oc-content/themes/newcorp/favicon.ico HTTP/1.1" 404 526 "-" "Mozilla/5.0 (Macintosh; Intel Mac OS X 10_8_3) AppleWebKit/537.36 (KHTML, like Gecko) Chrome/27.0.1453.93 Safari/537.36"
172.219.80.80 - - [30/May/2013:22:32:58 +0000] "GET / HTTP/1.1" 302 467 "-" "Mozilla/5.0 (Macintosh; Intel Mac OS X 10_8_3) AppleWebKit/537.36 (KHTML, like Gecko) Chrome/27.0.1453.93 Safari/537.36"
66.175.209.111 - - [30/May/2013:22:32:58 +0000] "POST /4989/ HTTP/1.1" 404 486 "Osclass (v.312)" "-"
172.219.80.80 - - [30/May/2013:22:32:58 +0000] "GET / HTTP/1.1" 200 2803 "-" "Mozilla/5.0 (Macintosh; Intel Mac OS X 10_8_3) AppleWebKit/537.36 (KHTML, like Gecko) Chrome/27.0.1453.93 Safari/537.36"
172.219.80.80 - - [30/May/2013:22:32:59 +0000] "GET /4989/oc-content/themes/newcorp/js/jquery-extends.js HTTP/1.1" 404 531 "http://66.175.209.111/" "Mozilla/5.0 (Macintosh; Intel Mac OS X 10_8_3) AppleWebKit/537.36 (KHTML, like Gecko) Chrome/27.0.1453.93 Safari/537.36"
172.219.80.80 - - [30/May/2013:22:32:59 +0000] "GET /4989/oc-content/themes/newcorp/css/style.css HTTP/1.1" 404 526 "http://66.175.209.111/" "Mozilla/5.0 (Macintosh; Intel Mac OS X 10_8_3) AppleWebKit/537.36 (KHTML, like Gecko) Chrome/27.0.1453.93 Safari/537.36"
172.219.80.80 - - [30/May/2013:22:32:59 +0000] "GET /4989/oc-content/themes/newcorp/js/jquery.js HTTP/1.1" 404 527 "http://66.175.209.111/" "Mozilla/5.0 (Macintosh; Intel Mac OS X 10_8_3) AppleWebKit/537.36 (KHTML, like Gecko) Chrome/27.0.1453.93 Safari/537.36"
172.219.80.80 - - [30/May/2013:22:32:59 +0000] "GET /4989/oc-content/themes/newcorp/js/jquery.validate.min.js HTTP/1.1" 404 537 "http://66.175.209.111/" "Mozilla/5.0 (Macintosh; Intel Mac OS X 10_8_3) AppleWebKit/537.36 (KHTML, like Gecko) Chrome/27.0.1453.93 Safari/537.36"
172.219.80.80 - - [30/May/2013:22:32:59 +0000] "GET /4989/oc-content/themes/newcorp/js/global.js HTTP/1.1" 404 528 "http://66.175.209.111/" "Mozilla/5.0 (Macintosh; Intel Mac OS X 10_8_3) AppleWebKit/537.36 (KHTML, like Gecko) Chrome/27.0.1453.93 Safari/537.36"
172.219.80.80 - - [30/May/2013:22:33:03 +0000] "GET /4989/oc-content/themes/newcorp/favicon.ico HTTP/1.1" 404 526 "-" "Mozilla/5.0 (Macintosh; Intel Mac OS X 10_8_3) AppleWebKit/537.36 (KHTML, like Gecko) Chrome/27.0.1453.93 Safari/537.36"
::1 - - [30/May/2013:22:33:06 +0000] "OPTIONS * HTTP/1.0" 200 126 "-" "Apache/2.2.22 (Ubuntu) (internal dummy connection)"
::1 - - [30/May/2013:22:33:10 +0000] "OPTIONS * HTTP/1.0" 200 126 "-" "Apache/2.2.22 (Ubuntu) (internal dummy connection)"
::1 - - [30/May/2013:22:33:17 +0000] "OPTIONS * HTTP/1.0" 200 126 "-" "Apache/2.2.22 (Ubuntu) (internal dummy connection)"
66.175.209.111 - - [30/May/2013:23:54:07 +0000] "POST /4989/ HTTP/1.1" 404 486 "Osclass (v.312)" "-"
172.219.80.80 - - [30/May/2013:23:54:07 +0000] "GET / HTTP/1.1" 200 2802 "-" "Mozilla/5.0 (Macintosh; Intel Mac OS X 10_8_3) AppleWebKit/537.36 (KHTML, like Gecko) Chrome/27.0.1453.93 Safari/537.36"
172.219.80.80 - - [30/May/2013:23:54:07 +0000] "GET /4989/oc-content/themes/newcorp/css/style.css HTTP/1.1" 404 526 "http://66.175.209.111/" "Mozilla/5.0 (Macintosh; Intel Mac OS X 10_8_3) AppleWebKit/537.36 (KHTML, like Gecko) Chrome/27.0.1453.93 Safari/537.36"
172.219.80.80 - - [30/May/2013:23:54:07 +0000] "GET /4989/oc-content/themes/newcorp/js/jquery.js HTTP/1.1" 404 528 "http://66.175.209.111/" "Mozilla/5.0 (Macintosh; Intel Mac OS X 10_8_3) AppleWebKit/537.36 (KHTML, like Gecko) Chrome/27.0.1453.93 Safari/537.36"
172.219.80.80 - - [30/May/2013:23:54:07 +0000] "GET /4989/oc-content/themes/newcorp/js/jquery-extends.js HTTP/1.1" 404 532 "http://66.175.209.111/" "Mozilla/5.0 (Macintosh; Intel Mac OS X 10_8_3) AppleWebKit/537.36 (KHTML, like Gecko) Chrome/27.0.1453.93 Safari/537.36"
172.219.80.80 - - [30/May/2013:23:54:07 +0000] "GET /4989/oc-content/themes/newcorp/js/jquery.validate.min.js HTTP/1.1" 404 538 "http://66.175.209.111/" "Mozilla/5.0 (Macintosh; Intel Mac OS X 10_8_3) AppleWebKit/537.36 (KHTML, like Gecko) Chrome/27.0.1453.93 Safari/537.36"
172.219.80.80 - - [30/May/2013:23:54:07 +0000] "GET /4989/oc-content/themes/newcorp/js/global.js HTTP/1.1" 404 529 "http://66.175.209.111/" "Mozilla/5.0 (Macintosh; Intel Mac OS X 10_8_3) AppleWebKit/537.36 (KHTML, like Gecko) Chrome/27.0.1453.93 Safari/537.36"
172.219.80.80 - - [30/May/2013:23:54:07 +0000] "GET /4989/oc-content/themes/newcorp/favicon.ico HTTP/1.1" 404 526 "-" "Mozilla/5.0 (Macintosh; Intel Mac OS X 10_8_3) AppleWebKit/537.36 (KHTML, like Gecko) Chrome/27.0.1453.93 Safari/537.36"
::1 - - [30/May/2013:23:54:23 +0000] "OPTIONS * HTTP/1.0" 200 126 "-" "Apache/2.2.22 (Ubuntu) (internal dummy connection)"
66.175.209.111 - - [31/May/2013:00:27:38 +0000] "POST /4989/ HTTP/1.1" 404 486 "Osclass (v.312)" "-"
172.219.80.80 - - [31/May/2013:00:27:38 +0000] "GET / HTTP/1.1" 200 2803 "-" "Mozilla/5.0 (Macintosh; Intel Mac OS X 10_8_3) AppleWebKit/537.36 (KHTML, like Gecko) Chrome/27.0.1453.93 Safari/537.36"
172.219.80.80 - - [31/May/2013:00:27:38 +0000] "GET /4989/oc-content/themes/newcorp/css/style.css HTTP/1.1" 404 526 "http://66.175.209.111/" "Mozilla/5.0 (Macintosh; Intel Mac OS X 10_8_3) AppleWebKit/537.36 (KHTML, like Gecko) Chrome/27.0.1453.93 Safari/537.36"
172.219.80.80 - - [31/May/2013:00:27:38 +0000] "GET /4989/oc-content/themes/newcorp/js/jquery.js HTTP/1.1" 404 528 "http://66.175.209.111/" "Mozilla/5.0 (Macintosh; Intel Mac OS X 10_8_3) AppleWebKit/537.36 (KHTML, like Gecko) Chrome/27.0.1453.93 Safari/537.36"
172.219.80.80 - - [31/May/2013:00:27:38 +0000] "GET /4989/oc-content/themes/newcorp/js/jquery-extends.js HTTP/1.1" 404 532 "http://66.175.209.111/" "Mozilla/5.0 (Macintosh; Intel Mac OS X 10_8_3) AppleWebKit/537.36 (KHTML, like Gecko) Chrome/27.0.1453.93 Safari/537.36"
172.219.80.80 - - [31/May/2013:00:27:38 +0000] "GET /4989/oc-content/themes/newcorp/js/jquery.validate.min.js HTTP/1.1" 404 538 "http://66.175.209.111/" "Mozilla/5.0 (Macintosh; Intel Mac OS X 10_8_3) AppleWebKit/537.36 (KHTML, like Gecko) Chrome/27.0.1453.93 Safari/537.36"
172.219.80.80 - - [31/May/2013:00:27:38 +0000] "GET /4989/oc-content/themes/newcorp/js/global.js HTTP/1.1" 404 529 "http://66.175.209.111/" "Mozilla/5.0 (Macintosh; Intel Mac OS X 10_8_3) AppleWebKit/537.36 (KHTML, like Gecko) Chrome/27.0.1453.93 Safari/537.36"
172.219.80.80 - - [31/May/2013:00:27:38 +0000] "GET /4989/oc-content/themes/newcorp/favicon.ico HTTP/1.1" 404 526 "-" "Mozilla/5.0 (Macintosh; Intel Mac OS X 10_8_3) AppleWebKit/537.36 (KHTML, like Gecko) Chrome/27.0.1453.93 Safari/537.36"
::1 - - [31/May/2013:00:27:53 +0000] "OPTIONS * HTTP/1.0" 200 126 "-" "Apache/2.2.22 (Ubuntu) (internal dummy connection)"
208.73.208.170 - - [31/May/2013:01:11:23 +0000] "HEAD / HTTP/1.1" 302 403 "-" "-"
208.73.208.170 - - [31/May/2013:02:11:53 +0000] "HEAD / HTTP/1.1" 302 403 "-" "-"
66.249.74.141 - - [31/May/2013:03:39:05 +0000] "GET /robots.txt HTTP/1.1" 200 390 "-" "Mozilla/5.0 (compatible; Googlebot/2.1; +http://www.google.com/bot.html)"
66.175.209.111 - - [31/May/2013:03:39:05 +0000] "POST /4989/ HTTP/1.1" 404 486 "Osclass (v.312)" "-"
66.249.74.141 - - [31/May/2013:03:39:05 +0000] "GET / HTTP/1.1" 200 2861 "-" "Mozilla/5.0 (compatible; Googlebot/2.1; +http://www.google.com/bot.html)"
66.249.74.141 - - [31/May/2013:03:49:04 +0000] "GET /4989/index.php?page=search&sCategory=1 HTTP/1.1" 404 509 "-" "Mozilla/5.0 (compatible; Googlebot/2.1; +http://www.google.com/bot.html)"
66.249.74.141 - - [31/May/2013:03:49:22 +0000] "GET /4989/ HTTP/1.1" 404 502 "-" "Mozilla/5.0 (compatible; Googlebot/2.1; +http://www.google.com/bot.html)"
66.249.74.141 - - [31/May/2013:03:49:40 +0000] "GET /4989/index.php?page=contact HTTP/1.1" 404 509 "-" "Mozilla/5.0 (compatible; Googlebot/2.1; +http://www.google.com/bot.html)"
66.249.74.141 - - [31/May/2013:03:49:59 +0000] "GET /4989/index.php?page=item&id=1 HTTP/1.1" 404 509 "-" "Mozilla/5.0 (compatible; Googlebot/2.1; +http://www.google.com/bot.html)"
66.249.74.141 - - [31/May/2013:03:50:19 +0000] "GET /4989/index.php?page=search&sCategory=8 HTTP/1.1" 404 509 "-" "Mozilla/5.0 (compatible; Googlebot/2.1; +http://www.google.com/bot.html)"
172.219.80.80 - - [31/May/2013:03:53:51 +0000] "GET / HTTP/1.1" 302 467 "-" "Mozilla/5.0 (Macintosh; Intel Mac OS X 10_8_3) AppleWebKit/537.36 (KHTML, like Gecko) Chrome/27.0.1453.93 Safari/537.36"
66.175.209.111 - - [31/May/2013:03:53:51 +0000] "POST /4989/ HTTP/1.1" 404 486 "Osclass (v.312)" "-"
172.219.80.80 - - [31/May/2013:03:53:51 +0000] "GET / HTTP/1.1" 200 2802 "-" "Mozilla/5.0 (Macintosh; Intel Mac OS X 10_8_3) AppleWebKit/537.36 (KHTML, like Gecko) Chrome/27.0.1453.93 Safari/537.36"
172.219.80.80 - - [31/May/2013:03:53:51 +0000] "GET /4989/oc-content/themes/newcorp/js/jquery.js HTTP/1.1" 404 528 "http://66.175.209.111/" "Mozilla/5.0 (Macintosh; Intel Mac OS X 10_8_3) AppleWebKit/537.36 (KHTML, like Gecko) Chrome/27.0.1453.93 Safari/537.36"
172.219.80.80 - - [31/May/2013:03:53:51 +0000] "GET /4989/oc-content/themes/newcorp/js/jquery-extends.js HTTP/1.1" 404 532 "http://66.175.209.111/" "Mozilla/5.0 (Macintosh; Intel Mac OS X 10_8_3) AppleWebKit/537.36 (KHTML, like Gecko) Chrome/27.0.1453.93 Safari/537.36"
172.219.80.80 - - [31/May/2013:03:53:51 +0000] "GET /4989/oc-content/themes/newcorp/js/jquery.validate.min.js HTTP/1.1" 404 538 "http://66.175.209.111/" "Mozilla/5.0 (Macintosh; Intel Mac OS X 10_8_3) AppleWebKit/537.36 (KHTML, like Gecko) Chrome/27.0.1453.93 Safari/537.36"
172.219.80.80 - - [31/May/2013:03:53:51 +0000] "GET /4989/oc-content/themes/newcorp/js/global.js HTTP/1.1" 404 529 "http://66.175.209.111/" "Mozilla/5.0 (Macintosh; Intel Mac OS X 10_8_3) AppleWebKit/537.36 (KHTML, like Gecko) Chrome/27.0.1453.93 Safari/537.36"
172.219.80.80 - - [31/May/2013:03:53:52 +0000] "GET /4989/oc-content/themes/newcorp/css/style.css HTTP/1.1" 404 526 "http://66.175.209.111/" "Mozilla/5.0 (Macintosh; Intel Mac OS X 10_8_3) AppleWebKit/537.36 (KHTML, like Gecko) Chrome/27.0.1453.93 Safari/537.36"
172.219.80.80 - - [31/May/2013:03:53:52 +0000] "GET /4989/oc-content/themes/newcorp/favicon.ico HTTP/1.1" 404 526 "-" "Mozilla/5.0 (Macintosh; Intel Mac OS X 10_8_3) AppleWebKit/537.36 (KHTML, like Gecko) Chrome/27.0.1453.93 Safari/537.36"
::1 - - [31/May/2013:03:53:58 +0000] "OPTIONS * HTTP/1.0" 200 126 "-" "Apache/2.2.22 (Ubuntu) (internal dummy connection)"
::1 - - [31/May/2013:03:53:59 +0000] "OPTIONS * HTTP/1.0" 200 126 "-" "Apache/2.2.22 (Ubuntu) (internal dummy connection)"
::1 - - [31/May/2013:03:54:09 +0000] "OPTIONS * HTTP/1.0" 200 126 "-" "Apache/2.2.22 (Ubuntu) (internal dummy connection)"
66.249.74.141 - - [31/May/2013:04:07:53 +0000] "GET /4989/index.php?page=search&sCategory=5 HTTP/1.1" 404 509 "-" "Mozilla/5.0 (compatible; Googlebot/2.1; +http://www.google.com/bot.html)"
208.73.208.170 - - [31/May/2013:04:10:39 +0000] "HEAD / HTTP/1.1" 302 403 "-" "-"
66.249.75.151 - - [31/May/2013:04:30:21 +0000] "GET /robots.txt HTTP/1.1" 200 390 "-" "Mozilla/5.0 (compatible; Googlebot/2.1; +http://www.google.com/bot.html)"
66.249.75.151 - - [31/May/2013:04:30:21 +0000] "GET / HTTP/1.1" 302 523 "-" "Mozilla/5.0 (compatible; Googlebot/2.1; +http://www.google.com/bot.html)"
66.249.74.141 - - [31/May/2013:04:36:41 +0000] "GET /4989/index.php?page=search&sCategory=3 HTTP/1.1" 404 509 "-" "Mozilla/5.0 (compatible; Googlebot/2.1; +http://www.google.com/bot.html)"
66.249.74.141 - - [31/May/2013:05:05:29 +0000] "GET /4989/index.php?page=search&sCategory=4 HTTP/1.1" 404 509 "-" "Mozilla/5.0 (compatible; Googlebot/2.1; +http://www.google.com/bot.html)"
172.219.80.80 - - [31/May/2013:05:43:25 +0000] "GET / HTTP/1.1" 302 467 "-" "Mozilla/5.0 (Macintosh; Intel Mac OS X 10_8_3) AppleWebKit/537.36 (KHTML, like Gecko) Chrome/27.0.1453.93 Safari/537.36"
66.175.209.111 - - [31/May/2013:05:43:25 +0000] "POST /4989/ HTTP/1.1" 404 486 "Osclass (v.312)" "-"
172.219.80.80 - - [31/May/2013:05:43:25 +0000] "GET / HTTP/1.1" 200 2806 "-" "Mozilla/5.0 (Macintosh; Intel Mac OS X 10_8_3) AppleWebKit/537.36 (KHTML, like Gecko) Chrome/27.0.1453.93 Safari/537.36"
172.219.80.80 - - [31/May/2013:05:43:25 +0000] "GET /4989/oc-content/themes/newcorp/js/jquery.js HTTP/1.1" 404 527 "http://66.175.209.111/" "Mozilla/5.0 (Macintosh; Intel Mac OS X 10_8_3) AppleWebKit/537.36 (KHTML, like Gecko) Chrome/27.0.1453.93 Safari/537.36"
172.219.80.80 - - [31/May/2013:05:43:26 +0000] "GET /4989/oc-content/themes/newcorp/js/jquery-extends.js HTTP/1.1" 404 532 "http://66.175.209.111/" "Mozilla/5.0 (Macintosh; Intel Mac OS X 10_8_3) AppleWebKit/537.36 (KHTML, like Gecko) Chrome/27.0.1453.93 Safari/537.36"
172.219.80.80 - - [31/May/2013:05:43:26 +0000] "GET /4989/oc-content/themes/newcorp/js/jquery.validate.min.js HTTP/1.1" 404 538 "http://66.175.209.111/" "Mozilla/5.0 (Macintosh; Intel Mac OS X 10_8_3) AppleWebKit/537.36 (KHTML, like Gecko) Chrome/27.0.1453.93 Safari/537.36"
172.219.80.80 - - [31/May/2013:05:43:26 +0000] "GET /4989/oc-content/themes/newcorp/js/global.js HTTP/1.1" 404 529 "http://66.175.209.111/" "Mozilla/5.0 (Macintosh; Intel Mac OS X 10_8_3) AppleWebKit/537.36 (KHTML, like Gecko) Chrome/27.0.1453.93 Safari/537.36"
172.219.80.80 - - [31/May/2013:05:43:26 +0000] "GET /4989/oc-content/themes/newcorp/css/style.css HTTP/1.1" 404 527 "http://66.175.209.111/" "Mozilla/5.0 (Macintosh; Intel Mac OS X 10_8_3) AppleWebKit/537.36 (KHTML, like Gecko) Chrome/27.0.1453.93 Safari/537.36"
172.219.80.80 - - [31/May/2013:05:43:26 +0000] "GET /4989/oc-content/themes/newcorp/favicon.ico HTTP/1.1" 404 526 "-" "Mozilla/5.0 (Macintosh; Intel Mac OS X 10_8_3) AppleWebKit/537.36 (KHTML, like Gecko) Chrome/27.0.1453.93 Safari/537.36"
::1 - - [31/May/2013:05:43:34 +0000] "OPTIONS * HTTP/1.0" 200 126 "-" "Apache/2.2.22 (Ubuntu) (internal dummy connection)"
172.219.80.80 - - [31/May/2013:05:43:36 +0000] "GET /4989 HTTP/1.1" 404 502 "-" "Mozilla/5.0 (Macintosh; Intel Mac OS X 10_8_3) AppleWebKit/537.36 (KHTML, like Gecko) Chrome/27.0.1453.93 Safari/537.36"
172.219.80.80 - - [31/May/2013:05:43:36 +0000] "GET /favicon.ico HTTP/1.1" 304 185 "-" "Mozilla/5.0 (Macintosh; Intel Mac OS X 10_8_3) AppleWebKit/537.36 (KHTML, like Gecko) Chrome/27.0.1453.93 Safari/537.36"
66.175.209.111 - - [31/May/2013:05:43:49 +0000] "POST /4989/ HTTP/1.1" 404 486 "Osclass (v.312)" "-"
172.219.80.80 - - [31/May/2013:05:43:49 +0000] "GET / HTTP/1.1" 200 2804 "-" "Mozilla/5.0 (Macintosh; Intel Mac OS X 10_8_3) AppleWebKit/537.36 (KHTML, like Gecko) Chrome/27.0.1453.93 Safari/537.36"
172.219.80.80 - - [31/May/2013:05:43:49 +0000] "GET /4989/oc-content/themes/newcorp/js/jquery.js HTTP/1.1" 404 527 "http://66.175.209.111/" "Mozilla/5.0 (Macintosh; Intel Mac OS X 10_8_3) AppleWebKit/537.36 (KHTML, like Gecko) Chrome/27.0.1453.93 Safari/537.36"
172.219.80.80 - - [31/May/2013:05:43:49 +0000] "GET /4989/oc-content/themes/newcorp/js/jquery-extends.js HTTP/1.1" 404 532 "http://66.175.209.111/" "Mozilla/5.0 (Macintosh; Intel Mac OS X 10_8_3) AppleWebKit/537.36 (KHTML, like Gecko) Chrome/27.0.1453.93 Safari/537.36"
172.219.80.80 - - [31/May/2013:05:43:49 +0000] "GET /4989/oc-content/themes/newcorp/js/jquery.validate.min.js HTTP/1.1" 404 538 "http://66.175.209.111/" "Mozilla/5.0 (Macintosh; Intel Mac OS X 10_8_3) AppleWebKit/537.36 (KHTML, like Gecko) Chrome/27.0.1453.93 Safari/537.36"
172.219.80.80 - - [31/May/2013:05:43:49 +0000] "GET /4989/oc-content/themes/newcorp/js/global.js HTTP/1.1" 404 529 "http://66.175.209.111/" "Mozilla/5.0 (Macintosh; Intel Mac OS X 10_8_3) AppleWebKit/537.36 (KHTML, like Gecko) Chrome/27.0.1453.93 Safari/537.36"
172.219.80.80 - - [31/May/2013:05:43:49 +0000] "GET /4989/oc-content/themes/newcorp/css/style.css HTTP/1.1" 404 527 "http://66.175.209.111/" "Mozilla/5.0 (Macintosh; Intel Mac OS X 10_8_3) AppleWebKit/537.36 (KHTML, like Gecko) Chrome/27.0.1453.93 Safari/537.36"
172.219.80.80 - - [31/May/2013:05:43:49 +0000] "GET /4989/oc-content/themes/newcorp/favicon.ico HTTP/1.1" 404 526 "-" "Mozilla/5.0 (Macintosh; Intel Mac OS X 10_8_3) AppleWebKit/537.36 (KHTML, like Gecko) Chrome/27.0.1453.93 Safari/537.36"
::1 - - [31/May/2013:05:43:57 +0000] "OPTIONS * HTTP/1.0" 200 126 "-" "Apache/2.2.22 (Ubuntu) (internal dummy connection)"
66.175.209.111 - - [31/May/2013:05:44:23 +0000] "POST /4989/ HTTP/1.1" 404 486 "Osclass (v.312)" "-"
172.219.80.80 - - [31/May/2013:05:44:23 +0000] "GET / HTTP/1.1" 200 2859 "-" "Mozilla/5.0 (Macintosh; Intel Mac OS X 10_8_3) AppleWebKit/537.36 (KHTML, like Gecko) Chrome/27.0.1453.93 Safari/537.36"
172.219.80.80 - - [31/May/2013:05:44:23 +0000] "GET /4989/oc-content/themes/newcorp/css/style.css HTTP/1.1" 404 526 "http://66.175.209.111/" "Mozilla/5.0 (Macintosh; Intel Mac OS X 10_8_3) AppleWebKit/537.36 (KHTML, like Gecko) Chrome/27.0.1453.93 Safari/537.36"
172.219.80.80 - - [31/May/2013:05:44:23 +0000] "GET /4989/oc-content/themes/newcorp/js/jquery.js HTTP/1.1" 404 528 "http://66.175.209.111/" "Mozilla/5.0 (Macintosh; Intel Mac OS X 10_8_3) AppleWebKit/537.36 (KHTML, like Gecko) Chrome/27.0.1453.93 Safari/537.36"
172.219.80.80 - - [31/May/2013:05:44:23 +0000] "GET /4989/oc-content/themes/newcorp/js/jquery-extends.js HTTP/1.1" 404 532 "http://66.175.209.111/" "Mozilla/5.0 (Macintosh; Intel Mac OS X 10_8_3) AppleWebKit/537.36 (KHTML, like Gecko) Chrome/27.0.1453.93 Safari/537.36"
172.219.80.80 - - [31/May/2013:05:44:23 +0000] "GET /4989/oc-content/themes/newcorp/js/jquery.validate.min.js HTTP/1.1" 404 538 "http://66.175.209.111/" "Mozilla/5.0 (Macintosh; Intel Mac OS X 10_8_3) AppleWebKit/537.36 (KHTML, like Gecko) Chrome/27.0.1453.93 Safari/537.36"
172.219.80.80 - - [31/May/2013:05:44:23 +0000] "GET /4989/oc-content/themes/newcorp/js/global.js HTTP/1.1" 404 529 "http://66.175.209.111/" "Mozilla/5.0 (Macintosh; Intel Mac OS X 10_8_3) AppleWebKit/537.36 (KHTML, like Gecko) Chrome/27.0.1453.93 Safari/537.36"
172.219.80.80 - - [31/May/2013:05:44:23 +0000] "GET /4989/oc-content/themes/newcorp/favicon.ico HTTP/1.1" 404 526 "-" "Mozilla/5.0 (Macintosh; Intel Mac OS X 10_8_3) AppleWebKit/537.36 (KHTML, like Gecko) Chrome/27.0.1453.93 Safari/537.36"
66.175.209.111 - - [31/May/2013:05:44:24 +0000] "POST /4989/ HTTP/1.1" 404 486 "Osclass (v.312)" "-"
172.219.80.80 - - [31/May/2013:05:44:24 +0000] "GET / HTTP/1.1" 200 2804 "-" "Mozilla/5.0 (Macintosh; Intel Mac OS X 10_8_3) AppleWebKit/537.36 (KHTML, like Gecko) Chrome/27.0.1453.93 Safari/537.36"
172.219.80.80 - - [31/May/2013:05:44:24 +0000] "GET /4989/oc-content/themes/newcorp/css/style.css HTTP/1.1" 404 526 "http://66.175.209.111/" "Mozilla/5.0 (Macintosh; Intel Mac OS X 10_8_3) AppleWebKit/537.36 (KHTML, like Gecko) Chrome/27.0.1453.93 Safari/537.36"
172.219.80.80 - - [31/May/2013:05:44:24 +0000] "GET /4989/oc-content/themes/newcorp/js/jquery.js HTTP/1.1" 404 527 "http://66.175.209.111/" "Mozilla/5.0 (Macintosh; Intel Mac OS X 10_8_3) AppleWebKit/537.36 (KHTML, like Gecko) Chrome/27.0.1453.93 Safari/537.36"
172.219.80.80 - - [31/May/2013:05:44:24 +0000] "GET /4989/oc-content/themes/newcorp/js/jquery-extends.js HTTP/1.1" 404 531 "http://66.175.209.111/" "Mozilla/5.0 (Macintosh; Intel Mac OS X 10_8_3) AppleWebKit/537.36 (KHTML, like Gecko) Chrome/27.0.1453.93 Safari/537.36"
172.219.80.80 - - [31/May/2013:05:44:24 +0000] "GET /4989/oc-content/themes/newcorp/js/jquery.validate.min.js HTTP/1.1" 404 537 "http://66.175.209.111/" "Mozilla/5.0 (Macintosh; Intel Mac OS X 10_8_3) AppleWebKit/537.36 (KHTML, like Gecko) Chrome/27.0.1453.93 Safari/537.36"
172.219.80.80 - - [31/May/2013:05:44:24 +0000] "GET /4989/oc-content/themes/newcorp/js/global.js HTTP/1.1" 404 528 "http://66.175.209.111/" "Mozilla/5.0 (Macintosh; Intel Mac OS X 10_8_3) AppleWebKit/537.36 (KHTML, like Gecko) Chrome/27.0.1453.93 Safari/537.36"
172.219.80.80 - - [31/May/2013:05:44:24 +0000] "GET /4989/oc-content/themes/newcorp/favicon.ico HTTP/1.1" 404 526 "-" "Mozilla/5.0 (Macintosh; Intel Mac OS X 10_8_3) AppleWebKit/537.36 (KHTML, like Gecko) Chrome/27.0.1453.93 Safari/537.36"
172.219.80.80 - - [31/May/2013:05:44:26 +0000] "GET /4989/ HTTP/1.1" 404 501 "http://66.175.209.111/" "Mozilla/5.0 (Macintosh; Intel Mac OS X 10_8_3) AppleWebKit/537.36 (KHTML, like Gecko) Chrome/27.0.1453.93 Safari/537.36"
172.219.80.80 - - [31/May/2013:05:44:26 +0000] "GET /favicon.ico HTTP/1.1" 200 1443 "-" "Mozilla/5.0 (Macintosh; Intel Mac OS X 10_8_3) AppleWebKit/537.36 (KHTML, like Gecko) Chrome/27.0.1453.93 Safari/537.36"
172.219.80.80 - - [31/May/2013:05:44:33 +0000] "GET /4989/ HTTP/1.1" 404 502 "http://66.175.209.111/" "Mozilla/5.0 (Macintosh; Intel Mac OS X 10_8_3) AppleWebKit/537.36 (KHTML, like Gecko) Chrome/27.0.1453.93 Safari/537.36"
::1 - - [31/May/2013:05:44:45 +0000] "OPTIONS * HTTP/1.0" 200 126 "-" "Apache/2.2.22 (Ubuntu) (internal dummy connection)"
115.186.145.94 - - [31/May/2013:05:49:24 +0000] "GET / HTTP/1.1" 302 523 "-" "Mozilla/5.0 (Windows NT 6.2; WOW64) AppleWebKit/537.36 (KHTML, like Gecko) Chrome/27.0.1453.94 Safari/537.36"
66.175.209.111 - - [31/May/2013:05:49:26 +0000] "POST /4989/ HTTP/1.1" 404 486 "Osclass (v.312)" "-"
115.186.145.94 - - [31/May/2013:05:49:26 +0000] "GET / HTTP/1.1" 200 2861 "-" "Mozilla/5.0 (Windows NT 6.2; WOW64) AppleWebKit/537.36 (KHTML, like Gecko) Chrome/27.0.1453.94 Safari/537.36"
115.186.145.94 - - [31/May/2013:05:49:26 +0000] "GET /4989/oc-content/themes/newcorp/css/style.css HTTP/1.1" 404 526 "http://66.175.209.111/" "Mozilla/5.0 (Windows NT 6.2; WOW64) AppleWebKit/537.36 (KHTML, like Gecko) Chrome/27.0.1453.94 Safari/537.36"
115.186.145.94 - - [31/May/2013:05:49:26 +0000] "GET /4989/oc-content/themes/newcorp/js/jquery.js HTTP/1.1" 404 528 "http://66.175.209.111/" "Mozilla/5.0 (Windows NT 6.2; WOW64) AppleWebKit/537.36 (KHTML, like Gecko) Chrome/27.0.1453.94 Safari/537.36"
115.186.145.94 - - [31/May/2013:05:49:26 +0000] "GET /4989/oc-content/themes/newcorp/js/global.js HTTP/1.1" 404 529 "http://66.175.209.111/" "Mozilla/5.0 (Windows NT 6.2; WOW64) AppleWebKit/537.36 (KHTML, like Gecko) Chrome/27.0.1453.94 Safari/537.36"
115.186.145.94 - - [31/May/2013:05:49:26 +0000] "GET /4989/oc-content/themes/newcorp/js/jquery.validate.min.js HTTP/1.1" 404 538 "http://66.175.209.111/" "Mozilla/5.0 (Windows NT 6.2; WOW64) AppleWebKit/537.36 (KHTML, like Gecko) Chrome/27.0.1453.94 Safari/537.36"
115.186.145.94 - - [31/May/2013:05:49:26 +0000] "GET /4989/oc-content/themes/newcorp/js/jquery-extends.js HTTP/1.1" 404 532 "http://66.175.209.111/" "Mozilla/5.0 (Windows NT 6.2; WOW64) AppleWebKit/537.36 (KHTML, like Gecko) Chrome/27.0.1453.94 Safari/537.36"
115.186.145.94 - - [31/May/2013:05:49:27 +0000] "GET /4989/oc-content/themes/newcorp/favicon.ico HTTP/1.1" 404 526 "-" "Mozilla/5.0 (Windows NT 6.2; WOW64) AppleWebKit/537.36 (KHTML, like Gecko) Chrome/27.0.1453.94 Safari/537.36"
::1 - - [31/May/2013:05:49:33 +0000] "OPTIONS * HTTP/1.0" 200 126 "-" "Apache/2.2.22 (Ubuntu) (internal dummy connection)"
208.73.208.170 - - [31/May/2013:05:52:18 +0000] "HEAD / HTTP/1.1" 302 403 "-" "-"
66.175.209.111 - - [31/May/2013:07:48:24 +0000] "POST /4989/ HTTP/1.1" 404 486 "Osclass (v.312)" "-"
172.219.80.80 - - [31/May/2013:07:48:24 +0000] "GET / HTTP/1.1" 200 2805 "-" "Mozilla/5.0 (Macintosh; Intel Mac OS X 10_8_3) AppleWebKit/537.36 (KHTML, like Gecko) Chrome/27.0.1453.93 Safari/537.36"
172.219.80.80 - - [31/May/2013:07:48:24 +0000] "GET /4989/oc-content/themes/newcorp/css/style.css HTTP/1.1" 404 526 "http://66.175.209.111/" "Mozilla/5.0 (Macintosh; Intel Mac OS X 10_8_3) AppleWebKit/537.36 (KHTML, like Gecko) Chrome/27.0.1453.93 Safari/537.36"
172.219.80.80 - - [31/May/2013:07:48:24 +0000] "GET /4989/oc-content/themes/newcorp/js/jquery.js HTTP/1.1" 404 528 "http://66.175.209.111/" "Mozilla/5.0 (Macintosh; Intel Mac OS X 10_8_3) AppleWebKit/537.36 (KHTML, like Gecko) Chrome/27.0.1453.93 Safari/537.36"
172.219.80.80 - - [31/May/2013:07:48:24 +0000] "GET /4989/oc-content/themes/newcorp/js/jquery-extends.js HTTP/1.1" 404 532 "http://66.175.209.111/" "Mozilla/5.0 (Macintosh; Intel Mac OS X 10_8_3) AppleWebKit/537.36 (KHTML, like Gecko) Chrome/27.0.1453.93 Safari/537.36"
172.219.80.80 - - [31/May/2013:07:48:24 +0000] "GET /4989/oc-content/themes/newcorp/js/jquery.validate.min.js HTTP/1.1" 404 538 "http://66.175.209.111/" "Mozilla/5.0 (Macintosh; Intel Mac OS X 10_8_3) AppleWebKit/537.36 (KHTML, like Gecko) Chrome/27.0.1453.93 Safari/537.36"
172.219.80.80 - - [31/May/2013:07:48:24 +0000] "GET /4989/oc-content/themes/newcorp/js/global.js HTTP/1.1" 404 528 "http://66.175.209.111/" "Mozilla/5.0 (Macintosh; Intel Mac OS X 10_8_3) AppleWebKit/537.36 (KHTML, like Gecko) Chrome/27.0.1453.93 Safari/537.36"
172.219.80.80 - - [31/May/2013:07:48:24 +0000] "GET /4989/oc-content/themes/newcorp/favicon.ico HTTP/1.1" 404 526 "-" "Mozilla/5.0 (Macintosh; Intel Mac OS X 10_8_3) AppleWebKit/537.36 (KHTML, like Gecko) Chrome/27.0.1453.93 Safari/537.36"
172.219.80.80 - - [31/May/2013:07:48:29 +0000] "GET / HTTP/1.1" 302 523 "-" "Mozilla/5.0 (Macintosh; Intel Mac OS X 10_8_3) AppleWebKit/537.36 (KHTML, like Gecko) Chrome/27.0.1453.93 Safari/537.36"
66.175.209.111 - - [31/May/2013:07:48:29 +0000] "POST /4989/ HTTP/1.1" 404 486 "Osclass (v.312)" "-"
172.219.80.80 - - [31/May/2013:07:48:29 +0000] "GET / HTTP/1.1" 200 2799 "-" "Mozilla/5.0 (Macintosh; Intel Mac OS X 10_8_3) AppleWebKit/537.36 (KHTML, like Gecko) Chrome/27.0.1453.93 Safari/537.36"
172.219.80.80 - - [31/May/2013:07:48:29 +0000] "GET /4989/oc-content/themes/newcorp/css/style.css HTTP/1.1" 404 526 "http://66.175.209.111/" "Mozilla/5.0 (Macintosh; Intel Mac OS X 10_8_3) AppleWebKit/537.36 (KHTML, like Gecko) Chrome/27.0.1453.93 Safari/537.36"
172.219.80.80 - - [31/May/2013:07:48:29 +0000] "GET /4989/oc-content/themes/newcorp/js/jquery.js HTTP/1.1" 404 528 "http://66.175.209.111/" "Mozilla/5.0 (Macintosh; Intel Mac OS X 10_8_3) AppleWebKit/537.36 (KHTML, like Gecko) Chrome/27.0.1453.93 Safari/537.36"
172.219.80.80 - - [31/May/2013:07:48:29 +0000] "GET /4989/oc-content/themes/newcorp/js/jquery-extends.js HTTP/1.1" 404 532 "http://66.175.209.111/" "Mozilla/5.0 (Macintosh; Intel Mac OS X 10_8_3) AppleWebKit/537.36 (KHTML, like Gecko) Chrome/27.0.1453.93 Safari/537.36"
172.219.80.80 - - [31/May/2013:07:48:29 +0000] "GET /4989/oc-content/themes/newcorp/js/jquery.validate.min.js HTTP/1.1" 404 538 "http://66.175.209.111/" "Mozilla/5.0 (Macintosh; Intel Mac OS X 10_8_3) AppleWebKit/537.36 (KHTML, like Gecko) Chrome/27.0.1453.93 Safari/537.36"
172.219.80.80 - - [31/May/2013:07:48:29 +0000] "GET /4989/oc-content/themes/newcorp/js/global.js HTTP/1.1" 404 529 "http://66.175.209.111/" "Mozilla/5.0 (Macintosh; Intel Mac OS X 10_8_3) AppleWebKit/537.36 (KHTML, like Gecko) Chrome/27.0.1453.93 Safari/537.36"
172.219.80.80 - - [31/May/2013:07:48:30 +0000] "GET /4989/oc-content/themes/newcorp/favicon.ico HTTP/1.1" 404 526 "-" "Mozilla/5.0 (Macintosh; Intel Mac OS X 10_8_3) AppleWebKit/537.36 (KHTML, like Gecko) Chrome/27.0.1453.93 Safari/537.36"
::1 - - [31/May/2013:07:48:37 +0000] "OPTIONS * HTTP/1.0" 200 126 "-" "Apache/2.2.22 (Ubuntu) (internal dummy connection)"
::1 - - [31/May/2013:07:48:38 +0000] "OPTIONS * HTTP/1.0" 200 126 "-" "Apache/2.2.22 (Ubuntu) (internal dummy connection)"
::1 - - [31/May/2013:07:48:45 +0000] "OPTIONS * HTTP/1.0" 200 126 "-" "Apache/2.2.22 (Ubuntu) (internal dummy connection)"
206.196.111.204 - - [31/May/2013:08:08:43 +0000] "GET / HTTP/1.0" 302 441 "-" "Mozilla/4.0 (compatible; MSIE 7.0; Windows NT 5.1)"
66.175.209.111 - - [31/May/2013:08:08:43 +0000] "POST /4989/ HTTP/1.1" 404 486 "Osclass (v.312)" "-"
206.196.111.204 - - [31/May/2013:08:08:43 +0000] "GET / HTTP/1.0" 200 11778 "-" "Mozilla/4.0 (compatible; MSIE 7.0; Windows NT 5.1)"
208.73.208.170 - - [31/May/2013:08:11:17 +0000] "HEAD / HTTP/1.1" 302 403 "-" "-"
66.175.209.111 - - [31/May/2013:08:25:44 +0000] "POST /4989/ HTTP/1.1" 404 486 "Osclass (v.312)" "-"
39.47.230.155 - - [31/May/2013:08:25:44 +0000] "GET / HTTP/1.1" 200 2804 "-" "Mozilla/5.0 (Windows NT 6.2; WOW64) AppleWebKit/537.36 (KHTML, like Gecko) Chrome/27.0.1453.94 Safari/537.36"
39.47.230.155 - - [31/May/2013:08:25:45 +0000] "GET /4989/oc-content/themes/newcorp/css/style.css HTTP/1.1" 404 526 "http://66.175.209.111/" "Mozilla/5.0 (Windows NT 6.2; WOW64) AppleWebKit/537.36 (KHTML, like Gecko) Chrome/27.0.1453.94 Safari/537.36"
39.47.230.155 - - [31/May/2013:08:25:45 +0000] "GET /4989/oc-content/themes/newcorp/js/jquery.js HTTP/1.1" 404 528 "http://66.175.209.111/" "Mozilla/5.0 (Windows NT 6.2; WOW64) AppleWebKit/537.36 (KHTML, like Gecko) Chrome/27.0.1453.94 Safari/537.36"
39.47.230.155 - - [31/May/2013:08:25:45 +0000] "GET /4989/oc-content/themes/newcorp/js/jquery-extends.js HTTP/1.1" 404 532 "http://66.175.209.111/" "Mozilla/5.0 (Windows NT 6.2; WOW64) AppleWebKit/537.36 (KHTML, like Gecko) Chrome/27.0.1453.94 Safari/537.36"
39.47.230.155 - - [31/May/2013:08:25:45 +0000] "GET /4989/oc-content/themes/newcorp/js/jquery.validate.min.js HTTP/1.1" 404 538 "http://66.175.209.111/" "Mozilla/5.0 (Windows NT 6.2; WOW64) AppleWebKit/537.36 (KHTML, like Gecko) Chrome/27.0.1453.94 Safari/537.36"
39.47.230.155 - - [31/May/2013:08:25:45 +0000] "GET /4989/oc-content/themes/newcorp/js/global.js HTTP/1.1" 404 529 "http://66.175.209.111/" "Mozilla/5.0 (Windows NT 6.2; WOW64) AppleWebKit/537.36 (KHTML, like Gecko) Chrome/27.0.1453.94 Safari/537.36"
39.47.230.155 - - [31/May/2013:08:25:45 +0000] "GET /4989/oc-content/themes/newcorp/favicon.ico HTTP/1.1" 404 526 "-" "Mozilla/5.0 (Windows NT 6.2; WOW64) AppleWebKit/537.36 (KHTML, like Gecko) Chrome/27.0.1453.94 Safari/537.36"
66.175.209.111 - - [31/May/2013:08:25:47 +0000] "POST /4989/ HTTP/1.1" 404 486 "Osclass (v.312)" "-"
39.47.230.155 - - [31/May/2013:08:25:47 +0000] "GET / HTTP/1.1" 200 2803 "-" "Mozilla/5.0 (Windows NT 6.2; WOW64) AppleWebKit/537.36 (KHTML, like Gecko) Chrome/27.0.1453.94 Safari/537.36"
39.47.230.155 - - [31/May/2013:08:25:48 +0000] "GET /4989/oc-content/themes/newcorp/css/style.css HTTP/1.1" 404 526 "http://66.175.209.111/" "Mozilla/5.0 (Windows NT 6.2; WOW64) AppleWebKit/537.36 (KHTML, like Gecko) Chrome/27.0.1453.94 Safari/537.36"
39.47.230.155 - - [31/May/2013:08:25:48 +0000] "GET /4989/oc-content/themes/newcorp/js/jquery.js HTTP/1.1" 404 527 "http://66.175.209.111/" "Mozilla/5.0 (Windows NT 6.2; WOW64) AppleWebKit/537.36 (KHTML, like Gecko) Chrome/27.0.1453.94 Safari/537.36"
39.47.230.155 - - [31/May/2013:08:25:48 +0000] "GET /4989/oc-content/themes/newcorp/js/jquery-extends.js HTTP/1.1" 404 531 "http://66.175.209.111/" "Mozilla/5.0 (Windows NT 6.2; WOW64) AppleWebKit/537.36 (KHTML, like Gecko) Chrome/27.0.1453.94 Safari/537.36"
39.47.230.155 - - [31/May/2013:08:25:48 +0000] "GET /4989/oc-content/themes/newcorp/js/jquery.validate.min.js HTTP/1.1" 404 537 "http://66.175.209.111/" "Mozilla/5.0 (Windows NT 6.2; WOW64) AppleWebKit/537.36 (KHTML, like Gecko) Chrome/27.0.1453.94 Safari/537.36"
39.47.230.155 - - [31/May/2013:08:25:48 +0000] "GET /4989/oc-content/themes/newcorp/js/global.js HTTP/1.1" 404 528 "http://66.175.209.111/" "Mozilla/5.0 (Windows NT 6.2; WOW64) AppleWebKit/537.36 (KHTML, like Gecko) Chrome/27.0.1453.94 Safari/537.36"
39.47.230.155 - - [31/May/2013:08:25:48 +0000] "GET /4989/oc-content/themes/newcorp/favicon.ico HTTP/1.1" 404 526 "-" "Mozilla/5.0 (Windows NT 6.2; WOW64) AppleWebKit/537.36 (KHTML, like Gecko) Chrome/27.0.1453.94 Safari/537.36"
::1 - - [31/May/2013:08:26:01 +0000] "OPTIONS * HTTP/1.0" 200 126 "-" "Apache/2.2.22 (Ubuntu) (internal dummy connection)"
180.153.236.105 - - [31/May/2013:08:55:31 +0000] "GET / HTTP/1.1" 302 523 "http://www.4989.ca/" "Mozilla/5.0 (Windows; U; Windows NT 5.1; zh-CN; rv:1.8.0.11)  Firefox/1.5.0.11; 360Spider"
66.175.209.111 - - [31/May/2013:08:55:31 +0000] "POST /4989/ HTTP/1.1" 404 486 "Osclass (v.312)" "-"
180.153.236.105 - - [31/May/2013:08:55:31 +0000] "GET / HTTP/1.1" 200 2860 "http://66.175.209.111/" "Mozilla/5.0 (Windows; U; Windows NT 5.1; zh-CN; rv:1.8.0.11)  Firefox/1.5.0.11; 360Spider"
39.47.230.155 - - [31/May/2013:09:27:53 +0000] "GET / HTTP/1.1" 302 523 "-" "Mozilla/5.0 (Windows NT 6.1; WOW64; rv:21.0) Gecko/20100101 Firefox/21.0"
66.175.209.111 - - [31/May/2013:09:27:53 +0000] "POST /4989/ HTTP/1.1" 404 486 "Osclass (v.312)" "-"
39.47.230.155 - - [31/May/2013:09:27:53 +0000] "GET / HTTP/1.1" 200 2861 "-" "Mozilla/5.0 (Windows NT 6.1; WOW64; rv:21.0) Gecko/20100101 Firefox/21.0"
39.47.230.155 - - [31/May/2013:09:27:54 +0000] "GET /4989/oc-content/themes/newcorp/css/style.css HTTP/1.1" 404 526 "http://66.175.209.111/" "Mozilla/5.0 (Windows NT 6.1; WOW64; rv:21.0) Gecko/20100101 Firefox/21.0"
39.47.230.155 - - [31/May/2013:09:27:54 +0000] "GET /4989/oc-content/themes/newcorp/js/jquery.js HTTP/1.1" 404 528 "http://66.175.209.111/" "Mozilla/5.0 (Windows NT 6.1; WOW64; rv:21.0) Gecko/20100101 Firefox/21.0"
39.47.230.155 - - [31/May/2013:09:27:54 +0000] "GET /4989/oc-content/themes/newcorp/js/jquery-extends.js HTTP/1.1" 404 532 "http://66.175.209.111/" "Mozilla/5.0 (Windows NT 6.1; WOW64; rv:21.0) Gecko/20100101 Firefox/21.0"
39.47.230.155 - - [31/May/2013:09:27:54 +0000] "GET /4989/oc-content/themes/newcorp/js/jquery.validate.min.js HTTP/1.1" 404 538 "http://66.175.209.111/" "Mozilla/5.0 (Windows NT 6.1; WOW64; rv:21.0) Gecko/20100101 Firefox/21.0"
39.47.230.155 - - [31/May/2013:09:27:54 +0000] "GET /4989/oc-content/themes/newcorp/js/global.js HTTP/1.1" 404 528 "http://66.175.209.111/" "Mozilla/5.0 (Windows NT 6.1; WOW64; rv:21.0) Gecko/20100101 Firefox/21.0"
39.47.230.155 - - [31/May/2013:09:27:54 +0000] "GET /4989/oc-content/themes/newcorp/favicon.ico HTTP/1.1" 404 526 "-" "Mozilla/5.0 (Windows NT 6.1; WOW64; rv:21.0) Gecko/20100101 Firefox/21.0"
39.47.230.155 - - [31/May/2013:09:27:55 +0000] "GET /4989/oc-content/themes/newcorp/favicon.ico HTTP/1.1" 404 526 "-" "Mozilla/5.0 (Windows NT 6.1; WOW64; rv:21.0) Gecko/20100101 Firefox/21.0"
::1 - - [31/May/2013:09:28:00 +0000] "OPTIONS * HTTP/1.0" 200 126 "-" "Apache/2.2.22 (Ubuntu) (internal dummy connection)"
::1 - - [31/May/2013:09:28:01 +0000] "OPTIONS * HTTP/1.0" 200 126 "-" "Apache/2.2.22 (Ubuntu) (internal dummy connection)"
::1 - - [31/May/2013:09:28:02 +0000] "OPTIONS * HTTP/1.0" 200 126 "-" "Apache/2.2.22 (Ubuntu) (internal dummy connection)"
::1 - - [31/May/2013:09:28:03 +0000] "OPTIONS * HTTP/1.0" 200 126 "-" "Apache/2.2.22 (Ubuntu) (internal dummy connection)"
::1 - - [31/May/2013:09:28:04 +0000] "OPTIONS * HTTP/1.0" 200 126 "-" "Apache/2.2.22 (Ubuntu) (internal dummy connection)"
::1 - - [31/May/2013:09:28:05 +0000] "OPTIONS * HTTP/1.0" 200 126 "-" "Apache/2.2.22 (Ubuntu) (internal dummy connection)"
::1 - - [31/May/2013:09:28:06 +0000] "OPTIONS * HTTP/1.0" 200 126 "-" "Apache/2.2.22 (Ubuntu) (internal dummy connection)"
66.249.75.113 - - [31/May/2013:09:28:09 +0000] "GET /robots.txt HTTP/1.1" 200 390 "-" "Mozilla/5.0 (compatible; Googlebot/2.1; +http://www.google.com/bot.html)"
66.175.209.111 - - [31/May/2013:09:28:09 +0000] "POST /4989/ HTTP/1.1" 404 486 "Osclass (v.312)" "-"
66.249.75.113 - - [31/May/2013:09:28:09 +0000] "GET / HTTP/1.1" 200 2860 "-" "Mozilla/5.0 (compatible; Googlebot/2.1; +http://www.google.com/bot.html)"
66.249.75.113 - - [31/May/2013:09:33:21 +0000] "GET /4989/ HTTP/1.1" 404 502 "-" "Mozilla/5.0 (compatible; Googlebot/2.1; +http://www.google.com/bot.html)"
66.249.75.113 - - [31/May/2013:09:34:03 +0000] "GET /4989/index.php?page=contact HTTP/1.1" 404 509 "-" "Mozilla/5.0 (compatible; Googlebot/2.1; +http://www.google.com/bot.html)"
66.249.75.113 - - [31/May/2013:09:35:11 +0000] "GET /4989/index.php?page=item&id=1 HTTP/1.1" 404 509 "-" "Mozilla/5.0 (compatible; Googlebot/2.1; +http://www.google.com/bot.html)"
66.249.75.113 - - [31/May/2013:09:36:14 +0000] "GET /4989/index.php?page=search&sCategory=8 HTTP/1.1" 404 509 "-" "Mozilla/5.0 (compatible; Googlebot/2.1; +http://www.google.com/bot.html)"
66.249.75.113 - - [31/May/2013:09:37:19 +0000] "GET /4989/index.php?page=search&sCategory=5 HTTP/1.1" 404 509 "-" "Mozilla/5.0 (compatible; Googlebot/2.1; +http://www.google.com/bot.html)"
66.249.75.113 - - [31/May/2013:09:38:26 +0000] "GET /4989/index.php?page=search&sCategory=1 HTTP/1.1" 404 509 "-" "Mozilla/5.0 (compatible; Googlebot/2.1; +http://www.google.com/bot.html)"
66.249.75.113 - - [31/May/2013:09:39:43 +0000] "GET /4989/index.php?page=search&sCategory=4 HTTP/1.1" 404 509 "-" "Mozilla/5.0 (compatible; Googlebot/2.1; +http://www.google.com/bot.html)"
66.249.75.113 - - [31/May/2013:09:40:53 +0000] "GET /4989/index.php?page=search&sCategory=3 HTTP/1.1" 404 509 "-" "Mozilla/5.0 (compatible; Googlebot/2.1; +http://www.google.com/bot.html)"
39.47.230.155 - - [31/May/2013:09:46:07 +0000] "GET /4989 HTTP/1.1" 404 502 "-" "Mozilla/5.0 (Windows NT 6.1; WOW64; rv:21.0) Gecko/20100101 Firefox/21.0"
39.47.230.155 - - [31/May/2013:09:46:07 +0000] "GET /favicon.ico HTTP/1.1" 200 1443 "-" "Mozilla/5.0 (Windows NT 6.1; WOW64; rv:21.0) Gecko/20100101 Firefox/21.0"
204.93.60.230 - - [31/May/2013:09:53:54 +0000] "GET / HTTP/1.1" 302 500 "-" "Mozilla/5.0 (Windows NT 6.1; WOW64) AppleWebKit/537.36 (KHTML, like Gecko) Chrome/27.0.1453.94 Safari/537.36"
