172.219.80.80 - - [30/May/2013:07:43:15 +0000] "GET / HTTP/1.1" 302 467 "-" "Mozilla/5.0 (Macintosh; Intel Mac OS X 10_8_3) AppleWebKit/537.36 (KHTML, like Gecko) Chrome/27.0.1453.93 Safari/537.36"
66.175.209.111 - - [30/May/2013:07:43:15 +0000] "POST /4989/ HTTP/1.1" 404 486 "Osclass (v.312)" "-"
172.219.80.80 - - [30/May/2013:07:43:15 +0000] "GET / HTTP/1.1" 200 2807 "-" "Mozilla/5.0 (Macintosh; Intel Mac OS X 10_8_3) AppleWebKit/537.36 (KHTML, like Gecko) Chrome/27.0.1453.93 Safari/537.36"
172.219.80.80 - - [30/May/2013:07:43:15 +0000] "GET /4989/oc-content/themes/newcorp/css/style.css HTTP/1.1" 404 526 "http://66.175.209.111/" "Mozilla/5.0 (Macintosh; Intel Mac OS X 10_8_3) AppleWebKit/537.36 (KHTML, like Gecko) Chrome/27.0.1453.93 Safari/537.36"
172.219.80.80 - - [30/May/2013:07:43:15 +0000] "GET /4989/oc-content/themes/newcorp/js/jquery.js HTTP/1.1" 404 528 "http://66.175.209.111/" "Mozilla/5.0 (Macintosh; Intel Mac OS X 10_8_3) AppleWebKit/537.36 (KHTML, like Gecko) Chrome/27.0.1453.93 Safari/537.36"
172.219.80.80 - - [30/May/2013:07:43:15 +0000] "GET /4989/oc-content/themes/newcorp/js/jquery-extends.js HTTP/1.1" 404 532 "http://66.175.209.111/" "Mozilla/5.0 (Macintosh; Intel Mac OS X 10_8_3) AppleWebKit/537.36 (KHTML, like Gecko) Chrome/27.0.1453.93 Safari/537.36"
172.219.80.80 - - [30/May/2013:07:43:15 +0000] "GET /4989/oc-content/themes/newcorp/js/jquery.validate.min.js HTTP/1.1" 404 538 "http://66.175.209.111/" "Mozilla/5.0 (Macintosh; Intel Mac OS X 10_8_3) AppleWebKit/537.36 (KHTML, like Gecko) Chrome/27.0.1453.93 Safari/537.36"
172.219.80.80 - - [30/May/2013:07:43:15 +0000] "GET /4989/oc-content/themes/newcorp/js/global.js HTTP/1.1" 404 529 "http://66.175.209.111/" "Mozilla/5.0 (Macintosh; Intel Mac OS X 10_8_3) AppleWebKit/537.36 (KHTML, like Gecko) Chrome/27.0.1453.93 Safari/537.36"
172.219.80.80 - - [30/May/2013:07:43:16 +0000] "GET /4989/oc-content/themes/newcorp/favicon.ico HTTP/1.1" 404 526 "-" "Mozilla/5.0 (Macintosh; Intel Mac OS X 10_8_3) AppleWebKit/537.36 (KHTML, like Gecko) Chrome/27.0.1453.93 Safari/537.36"
::1 - - [30/May/2013:07:43:23 +0000] "OPTIONS * HTTP/1.0" 200 126 "-" "Apache/2.2.22 (Ubuntu) (internal dummy connection)"
::1 - - [30/May/2013:07:43:24 +0000] "OPTIONS * HTTP/1.0" 200 126 "-" "Apache/2.2.22 (Ubuntu) (internal dummy connection)"
::1 - - [30/May/2013:07:43:30 +0000] "OPTIONS * HTTP/1.0" 200 126 "-" "Apache/2.2.22 (Ubuntu) (internal dummy connection)"
115.186.145.94 - - [30/May/2013:07:56:50 +0000] "GET / HTTP/1.1" 302 467 "-" "Mozilla/5.0 (Windows NT 6.1; WOW64; rv:21.0) Gecko/20100101 Firefox/21.0"
66.175.209.111 - - [30/May/2013:07:57:13 +0000] "POST /4989/ HTTP/1.1" 404 486 "Osclass (v.312)" "-"
115.186.145.94 - - [30/May/2013:07:57:13 +0000] "GET / HTTP/1.1" 200 2803 "-" "Mozilla/5.0 (Windows NT 6.1; WOW64; rv:21.0) Gecko/20100101 Firefox/21.0"
115.186.145.94 - - [30/May/2013:07:57:14 +0000] "GET /4989/oc-content/themes/newcorp/css/style.css HTTP/1.1" 404 526 "http://66.175.209.111/" "Mozilla/5.0 (Windows NT 6.1; WOW64; rv:21.0) Gecko/20100101 Firefox/21.0"
115.186.145.94 - - [30/May/2013:07:57:14 +0000] "GET /4989/oc-content/themes/newcorp/js/jquery-extends.js HTTP/1.1" 404 532 "http://66.175.209.111/" "Mozilla/5.0 (Windows NT 6.1; WOW64; rv:21.0) Gecko/20100101 Firefox/21.0"
115.186.145.94 - - [30/May/2013:07:57:14 +0000] "GET /4989/oc-content/themes/newcorp/js/global.js HTTP/1.1" 404 529 "http://66.175.209.111/" "Mozilla/5.0 (Windows NT 6.1; WOW64; rv:21.0) Gecko/20100101 Firefox/21.0"
115.186.145.94 - - [30/May/2013:07:57:14 +0000] "GET /4989/oc-content/themes/newcorp/js/jquery.validate.min.js HTTP/1.1" 404 538 "http://66.175.209.111/" "Mozilla/5.0 (Windows NT 6.1; WOW64; rv:21.0) Gecko/20100101 Firefox/21.0"
115.186.145.94 - - [30/May/2013:07:57:14 +0000] "GET /4989/oc-content/themes/newcorp/js/jquery.js HTTP/1.1" 404 528 "http://66.175.209.111/" "Mozilla/5.0 (Windows NT 6.1; WOW64; rv:21.0) Gecko/20100101 Firefox/21.0"
115.186.145.94 - - [30/May/2013:08:38:15 +0000] "GET /favicon.ico HTTP/1.1" 200 1444 "-" "Mozilla/5.0 (Windows NT 6.1; WOW64; rv:21.0) Gecko/20100101 Firefox/21.0"
172.219.80.80 - - [30/May/2013:09:20:11 +0000] "GET / HTTP/1.1" 302 467 "-" "Mozilla/5.0 (Macintosh; Intel Mac OS X 10_8_3) AppleWebKit/537.36 (KHTML, like Gecko) Chrome/27.0.1453.93 Safari/537.36"
66.175.209.111 - - [30/May/2013:09:20:11 +0000] "POST /4989/ HTTP/1.1" 404 486 "Osclass (v.312)" "-"
172.219.80.80 - - [30/May/2013:09:20:11 +0000] "GET / HTTP/1.1" 200 2800 "-" "Mozilla/5.0 (Macintosh; Intel Mac OS X 10_8_3) AppleWebKit/537.36 (KHTML, like Gecko) Chrome/27.0.1453.93 Safari/537.36"
172.219.80.80 - - [30/May/2013:09:20:11 +0000] "GET /4989/oc-content/themes/newcorp/css/style.css HTTP/1.1" 404 526 "http://66.175.209.111/" "Mozilla/5.0 (Macintosh; Intel Mac OS X 10_8_3) AppleWebKit/537.36 (KHTML, like Gecko) Chrome/27.0.1453.93 Safari/537.36"
172.219.80.80 - - [30/May/2013:09:20:11 +0000] "GET /4989/oc-content/themes/newcorp/js/jquery-extends.js HTTP/1.1" 404 532 "http://66.175.209.111/" "Mozilla/5.0 (Macintosh; Intel Mac OS X 10_8_3) AppleWebKit/537.36 (KHTML, like Gecko) Chrome/27.0.1453.93 Safari/537.36"
172.219.80.80 - - [30/May/2013:09:20:11 +0000] "GET /4989/oc-content/themes/newcorp/js/jquery.validate.min.js HTTP/1.1" 404 538 "http://66.175.209.111/" "Mozilla/5.0 (Macintosh; Intel Mac OS X 10_8_3) AppleWebKit/537.36 (KHTML, like Gecko) Chrome/27.0.1453.93 Safari/537.36"
172.219.80.80 - - [30/May/2013:09:20:11 +0000] "GET /4989/oc-content/themes/newcorp/js/jquery.js HTTP/1.1" 404 528 "http://66.175.209.111/" "Mozilla/5.0 (Macintosh; Intel Mac OS X 10_8_3) AppleWebKit/537.36 (KHTML, like Gecko) Chrome/27.0.1453.93 Safari/537.36"
172.219.80.80 - - [30/May/2013:09:20:11 +0000] "GET /4989/oc-content/themes/newcorp/js/global.js HTTP/1.1" 404 529 "http://66.175.209.111/" "Mozilla/5.0 (Macintosh; Intel Mac OS X 10_8_3) AppleWebKit/537.36 (KHTML, like Gecko) Chrome/27.0.1453.93 Safari/537.36"
172.219.80.80 - - [30/May/2013:09:20:12 +0000] "GET /4989/oc-content/themes/newcorp/favicon.ico HTTP/1.1" 404 526 "-" "Mozilla/5.0 (Macintosh; Intel Mac OS X 10_8_3) AppleWebKit/537.36 (KHTML, like Gecko) Chrome/27.0.1453.93 Safari/537.36"
66.175.209.111 - - [30/May/2013:09:20:13 +0000] "POST /4989/ HTTP/1.1" 404 486 "Osclass (v.312)" "-"
172.219.80.80 - - [30/May/2013:09:20:13 +0000] "GET / HTTP/1.1" 200 2806 "-" "Mozilla/5.0 (Macintosh; Intel Mac OS X 10_8_3) AppleWebKit/537.36 (KHTML, like Gecko) Chrome/27.0.1453.93 Safari/537.36"
172.219.80.80 - - [30/May/2013:09:20:13 +0000] "GET /4989/oc-content/themes/newcorp/js/jquery-extends.js HTTP/1.1" 404 531 "http://66.175.209.111/" "Mozilla/5.0 (Macintosh; Intel Mac OS X 10_8_3) AppleWebKit/537.36 (KHTML, like Gecko) Chrome/27.0.1453.93 Safari/537.36"
172.219.80.80 - - [30/May/2013:09:20:13 +0000] "GET /4989/oc-content/themes/newcorp/js/jquery.validate.min.js HTTP/1.1" 404 537 "http://66.175.209.111/" "Mozilla/5.0 (Macintosh; Intel Mac OS X 10_8_3) AppleWebKit/537.36 (KHTML, like Gecko) Chrome/27.0.1453.93 Safari/537.36"
172.219.80.80 - - [30/May/2013:09:20:13 +0000] "GET /4989/oc-content/themes/newcorp/css/style.css HTTP/1.1" 404 526 "http://66.175.209.111/" "Mozilla/5.0 (Macintosh; Intel Mac OS X 10_8_3) AppleWebKit/537.36 (KHTML, like Gecko) Chrome/27.0.1453.93 Safari/537.36"
172.219.80.80 - - [30/May/2013:09:20:13 +0000] "GET /4989/oc-content/themes/newcorp/js/jquery.js HTTP/1.1" 404 527 "http://66.175.209.111/" "Mozilla/5.0 (Macintosh; Intel Mac OS X 10_8_3) AppleWebKit/537.36 (KHTML, like Gecko) Chrome/27.0.1453.93 Safari/537.36"
172.219.80.80 - - [30/May/2013:09:20:13 +0000] "GET /4989/oc-content/themes/newcorp/js/global.js HTTP/1.1" 404 528 "http://66.175.209.111/" "Mozilla/5.0 (Macintosh; Intel Mac OS X 10_8_3) AppleWebKit/537.36 (KHTML, like Gecko) Chrome/27.0.1453.93 Safari/537.36"
172.219.80.80 - - [30/May/2013:09:20:13 +0000] "GET /4989/oc-content/themes/newcorp/favicon.ico HTTP/1.1" 404 526 "-" "Mozilla/5.0 (Macintosh; Intel Mac OS X 10_8_3) AppleWebKit/537.36 (KHTML, like Gecko) Chrome/27.0.1453.93 Safari/537.36"
::1 - - [30/May/2013:09:20:20 +0000] "OPTIONS * HTTP/1.0" 200 126 "-" "Apache/2.2.22 (Ubuntu) (internal dummy connection)"
::1 - - [30/May/2013:09:20:32 +0000] "OPTIONS * HTTP/1.0" 200 126 "-" "Apache/2.2.22 (Ubuntu) (internal dummy connection)"
172.219.80.80 - - [30/May/2013:09:31:11 +0000] "GET / HTTP/1.1" 302 467 "-" "Mozilla/5.0 (Macintosh; Intel Mac OS X 10_8_3) AppleWebKit/537.36 (KHTML, like Gecko) Chrome/27.0.1453.93 Safari/537.36"
66.175.209.111 - - [30/May/2013:09:31:12 +0000] "POST /4989/ HTTP/1.1" 404 486 "Osclass (v.312)" "-"
172.219.80.80 - - [30/May/2013:09:31:12 +0000] "GET / HTTP/1.1" 200 2803 "-" "Mozilla/5.0 (Macintosh; Intel Mac OS X 10_8_3) AppleWebKit/537.36 (KHTML, like Gecko) Chrome/27.0.1453.93 Safari/537.36"
172.219.80.80 - - [30/May/2013:09:31:12 +0000] "GET /4989/oc-content/themes/newcorp/js/jquery-extends.js HTTP/1.1" 404 531 "http://66.175.209.111/" "Mozilla/5.0 (Macintosh; Intel Mac OS X 10_8_3) AppleWebKit/537.36 (KHTML, like Gecko) Chrome/27.0.1453.93 Safari/537.36"
172.219.80.80 - - [30/May/2013:09:31:12 +0000] "GET /4989/oc-content/themes/newcorp/js/jquery.validate.min.js HTTP/1.1" 404 538 "http://66.175.209.111/" "Mozilla/5.0 (Macintosh; Intel Mac OS X 10_8_3) AppleWebKit/537.36 (KHTML, like Gecko) Chrome/27.0.1453.93 Safari/537.36"
172.219.80.80 - - [30/May/2013:09:31:12 +0000] "GET /4989/oc-content/themes/newcorp/css/style.css HTTP/1.1" 404 527 "http://66.175.209.111/" "Mozilla/5.0 (Macintosh; Intel Mac OS X 10_8_3) AppleWebKit/537.36 (KHTML, like Gecko) Chrome/27.0.1453.93 Safari/537.36"
172.219.80.80 - - [30/May/2013:09:31:12 +0000] "GET /4989/oc-content/themes/newcorp/js/jquery.js HTTP/1.1" 404 528 "http://66.175.209.111/" "Mozilla/5.0 (Macintosh; Intel Mac OS X 10_8_3) AppleWebKit/537.36 (KHTML, like Gecko) Chrome/27.0.1453.93 Safari/537.36"
172.219.80.80 - - [30/May/2013:09:31:12 +0000] "GET /4989/oc-content/themes/newcorp/js/global.js HTTP/1.1" 404 529 "http://66.175.209.111/" "Mozilla/5.0 (Macintosh; Intel Mac OS X 10_8_3) AppleWebKit/537.36 (KHTML, like Gecko) Chrome/27.0.1453.93 Safari/537.36"
172.219.80.80 - - [30/May/2013:09:31:12 +0000] "GET /4989/oc-content/themes/newcorp/favicon.ico HTTP/1.1" 404 526 "-" "Mozilla/5.0 (Macintosh; Intel Mac OS X 10_8_3) AppleWebKit/537.36 (KHTML, like Gecko) Chrome/27.0.1453.93 Safari/537.36"
::1 - - [30/May/2013:09:31:19 +0000] "OPTIONS * HTTP/1.0" 200 126 "-" "Apache/2.2.22 (Ubuntu) (internal dummy connection)"
::1 - - [30/May/2013:09:31:20 +0000] "OPTIONS * HTTP/1.0" 200 126 "-" "Apache/2.2.22 (Ubuntu) (internal dummy connection)"
::1 - - [30/May/2013:09:31:31 +0000] "OPTIONS * HTTP/1.0" 200 126 "-" "Apache/2.2.22 (Ubuntu) (internal dummy connection)"
172.219.80.80 - - [30/May/2013:10:07:04 +0000] "GET / HTTP/1.1" 302 467 "-" "Mozilla/5.0 (Macintosh; Intel Mac OS X 10_8_3) AppleWebKit/537.36 (KHTML, like Gecko) Chrome/27.0.1453.93 Safari/537.36"
66.175.209.111 - - [30/May/2013:10:07:05 +0000] "POST /4989/ HTTP/1.1" 404 486 "Osclass (v.312)" "-"
172.219.80.80 - - [30/May/2013:10:07:04 +0000] "GET / HTTP/1.1" 200 2803 "-" "Mozilla/5.0 (Macintosh; Intel Mac OS X 10_8_3) AppleWebKit/537.36 (KHTML, like Gecko) Chrome/27.0.1453.93 Safari/537.36"
172.219.80.80 - - [30/May/2013:10:07:05 +0000] "GET /4989/oc-content/themes/newcorp/js/jquery-extends.js HTTP/1.1" 404 531 "http://66.175.209.111/" "Mozilla/5.0 (Macintosh; Intel Mac OS X 10_8_3) AppleWebKit/537.36 (KHTML, like Gecko) Chrome/27.0.1453.93 Safari/537.36"
172.219.80.80 - - [30/May/2013:10:07:05 +0000] "GET /4989/oc-content/themes/newcorp/js/jquery.validate.min.js HTTP/1.1" 404 538 "http://66.175.209.111/" "Mozilla/5.0 (Macintosh; Intel Mac OS X 10_8_3) AppleWebKit/537.36 (KHTML, like Gecko) Chrome/27.0.1453.93 Safari/537.36"
172.219.80.80 - - [30/May/2013:10:07:05 +0000] "GET /4989/oc-content/themes/newcorp/css/style.css HTTP/1.1" 404 527 "http://66.175.209.111/" "Mozilla/5.0 (Macintosh; Intel Mac OS X 10_8_3) AppleWebKit/537.36 (KHTML, like Gecko) Chrome/27.0.1453.93 Safari/537.36"
172.219.80.80 - - [30/May/2013:10:07:05 +0000] "GET /4989/oc-content/themes/newcorp/js/jquery.js HTTP/1.1" 404 528 "http://66.175.209.111/" "Mozilla/5.0 (Macintosh; Intel Mac OS X 10_8_3) AppleWebKit/537.36 (KHTML, like Gecko) Chrome/27.0.1453.93 Safari/537.36"
172.219.80.80 - - [30/May/2013:10:07:05 +0000] "GET /4989/oc-content/themes/newcorp/js/global.js HTTP/1.1" 404 529 "http://66.175.209.111/" "Mozilla/5.0 (Macintosh; Intel Mac OS X 10_8_3) AppleWebKit/537.36 (KHTML, like Gecko) Chrome/27.0.1453.93 Safari/537.36"
172.219.80.80 - - [30/May/2013:10:07:05 +0000] "GET /4989/oc-content/themes/newcorp/favicon.ico HTTP/1.1" 404 526 "-" "Mozilla/5.0 (Macintosh; Intel Mac OS X 10_8_3) AppleWebKit/537.36 (KHTML, like Gecko) Chrome/27.0.1453.93 Safari/537.36"
::1 - - [30/May/2013:10:07:13 +0000] "OPTIONS * HTTP/1.0" 200 126 "-" "Apache/2.2.22 (Ubuntu) (internal dummy connection)"
::1 - - [30/May/2013:10:07:14 +0000] "OPTIONS * HTTP/1.0" 200 126 "-" "Apache/2.2.22 (Ubuntu) (internal dummy connection)"
::1 - - [30/May/2013:10:07:18 +0000] "OPTIONS * HTTP/1.0" 200 126 "-" "Apache/2.2.22 (Ubuntu) (internal dummy connection)"
172.219.80.80 - - [30/May/2013:10:07:38 +0000] "GET / HTTP/1.1" 302 467 "-" "Mozilla/5.0 (Macintosh; Intel Mac OS X 10_8_3) AppleWebKit/537.36 (KHTML, like Gecko) Chrome/27.0.1453.93 Safari/537.36"
66.175.209.111 - - [30/May/2013:10:07:39 +0000] "POST /4989/ HTTP/1.1" 404 486 "Osclass (v.312)" "-"
172.219.80.80 - - [30/May/2013:10:07:38 +0000] "GET / HTTP/1.1" 200 2803 "-" "Mozilla/5.0 (Macintosh; Intel Mac OS X 10_8_3) AppleWebKit/537.36 (KHTML, like Gecko) Chrome/27.0.1453.93 Safari/537.36"
172.219.80.80 - - [30/May/2013:10:07:39 +0000] "GET /4989/oc-content/themes/newcorp/js/jquery-extends.js HTTP/1.1" 404 531 "http://66.175.209.111/" "Mozilla/5.0 (Macintosh; Intel Mac OS X 10_8_3) AppleWebKit/537.36 (KHTML, like Gecko) Chrome/27.0.1453.93 Safari/537.36"
172.219.80.80 - - [30/May/2013:10:07:39 +0000] "GET /4989/oc-content/themes/newcorp/js/jquery.validate.min.js HTTP/1.1" 404 538 "http://66.175.209.111/" "Mozilla/5.0 (Macintosh; Intel Mac OS X 10_8_3) AppleWebKit/537.36 (KHTML, like Gecko) Chrome/27.0.1453.93 Safari/537.36"
172.219.80.80 - - [30/May/2013:10:07:39 +0000] "GET /4989/oc-content/themes/newcorp/css/style.css HTTP/1.1" 404 527 "http://66.175.209.111/" "Mozilla/5.0 (Macintosh; Intel Mac OS X 10_8_3) AppleWebKit/537.36 (KHTML, like Gecko) Chrome/27.0.1453.93 Safari/537.36"
172.219.80.80 - - [30/May/2013:10:07:39 +0000] "GET /4989/oc-content/themes/newcorp/js/jquery.js HTTP/1.1" 404 528 "http://66.175.209.111/" "Mozilla/5.0 (Macintosh; Intel Mac OS X 10_8_3) AppleWebKit/537.36 (KHTML, like Gecko) Chrome/27.0.1453.93 Safari/537.36"
172.219.80.80 - - [30/May/2013:10:07:39 +0000] "GET /4989/oc-content/themes/newcorp/js/global.js HTTP/1.1" 404 529 "http://66.175.209.111/" "Mozilla/5.0 (Macintosh; Intel Mac OS X 10_8_3) AppleWebKit/537.36 (KHTML, like Gecko) Chrome/27.0.1453.93 Safari/537.36"
172.219.80.80 - - [30/May/2013:10:07:39 +0000] "GET /4989/oc-content/themes/newcorp/favicon.ico HTTP/1.1" 404 526 "-" "Mozilla/5.0 (Macintosh; Intel Mac OS X 10_8_3) AppleWebKit/537.36 (KHTML, like Gecko) Chrome/27.0.1453.93 Safari/537.36"
::1 - - [30/May/2013:10:07:47 +0000] "OPTIONS * HTTP/1.0" 200 126 "-" "Apache/2.2.22 (Ubuntu) (internal dummy connection)"
::1 - - [30/May/2013:10:07:48 +0000] "OPTIONS * HTTP/1.0" 200 126 "-" "Apache/2.2.22 (Ubuntu) (internal dummy connection)"
::1 - - [30/May/2013:10:07:58 +0000] "OPTIONS * HTTP/1.0" 200 126 "-" "Apache/2.2.22 (Ubuntu) (internal dummy connection)"
65.52.100.214 - - [30/May/2013:10:49:18 +0000] "HEAD /4989/ HTTP/1.1" 404 219 "-" "-"
198.2.192.98 - - [30/May/2013:11:48:26 +0000] "GET /bbs/main.php?id=sp01&no=31 HTTP/1.0" 404 490 "http://www.4989.ca/bbs/main.php?id=sp01&no=31" "Opera/9.80 (Windows NT 6.1; WOW64; MRA 6.0 (build 5976)) Presto/2.12.388 Version/12.11"
198.2.192.98 - - [30/May/2013:11:48:26 +0000] "GET / HTTP/1.0" 302 441 "http://www.4989.ca/" "Opera/9.80 (Windows NT 6.1; WOW64; MRA 6.0 (build 5976)) Presto/2.12.388 Version/12.11"
66.175.209.111 - - [30/May/2013:11:48:27 +0000] "POST /4989/ HTTP/1.1" 404 486 "Osclass (v.312)" "-"
198.2.192.98 - - [30/May/2013:11:48:26 +0000] "GET / HTTP/1.0" 200 11721 "http://66.175.209.111/" "Opera/9.80 (Windows NT 6.1; WOW64; MRA 6.0 (build 5976)) Presto/2.12.388 Version/12.11"
157.55.36.49 - - [30/May/2013:12:42:53 +0000] "GET /robots.txt HTTP/1.1" 200 346 "-" "Mozilla/5.0 (compatible; bingbot/2.0; +http://www.bing.com/bingbot.htm)"
157.55.36.49 - - [30/May/2013:12:43:27 +0000] "GET /bbs/main.php?id=sp01&no=151 HTTP/1.1" 404 500 "-" "Mozilla/5.0 (compatible; bingbot/2.0; +http://www.bing.com/bingbot.htm)"
5.146.214.193 - - [30/May/2013:13:14:24 +0000] "GET /robots.txt HTTP/1.0" 200 309 "-" "Mozilla/5.0 (compatible; MJ12bot/v1.4.3; http://www.majestic12.co.uk/bot.php?+)"
5.146.214.193 - - [30/May/2013:13:14:25 +0000] "GET / HTTP/1.1" 302 422 "-" "Mozilla/5.0 (compatible; MJ12bot/v1.4.3; http://www.majestic12.co.uk/bot.php?+)"
5.146.214.193 - - [30/May/2013:13:14:26 +0000] "GET /robots.txt HTTP/1.0" 200 309 "-" "Mozilla/5.0 (compatible; MJ12bot/v1.4.3; http://www.majestic12.co.uk/bot.php?+)"
66.175.209.111 - - [30/May/2013:13:14:28 +0000] "POST /4989/ HTTP/1.1" 404 486 "Osclass (v.312)" "-"
5.146.214.193 - - [30/May/2013:13:14:28 +0000] "GET / HTTP/1.1" 200 11800 "-" "Mozilla/5.0 (compatible; MJ12bot/v1.4.3; http://www.majestic12.co.uk/bot.php?+)"
208.73.208.170 - - [30/May/2013:14:57:33 +0000] "HEAD / HTTP/1.1" 302 403 "-" "-"
208.73.208.170 - - [30/May/2013:16:26:29 +0000] "HEAD / HTTP/1.1" 302 403 "-" "-"
66.249.75.225 - - [30/May/2013:16:51:33 +0000] "GET /robots.txt HTTP/1.1" 200 390 "-" "Mozilla/5.0 (compatible; Googlebot/2.1; +http://www.google.com/bot.html)"
66.249.75.225 - - [30/May/2013:16:51:34 +0000] "GET / HTTP/1.1" 302 523 "-" "Mozilla/5.0 (compatible; Googlebot/2.1; +http://www.google.com/bot.html)"
157.55.36.49 - - [30/May/2013:17:05:54 +0000] "GET /robots.txt HTTP/1.1" 200 346 "-" "Mozilla/5.0 (compatible; bingbot/2.0; +http://www.bing.com/bingbot.htm)"
157.55.36.49 - - [30/May/2013:17:06:54 +0000] "GET /bbs/main.php?id=sp01&no=151 HTTP/1.1" 404 500 "-" "Mozilla/5.0 (compatible; bingbot/2.0; +http://www.bing.com/bingbot.htm)"
115.186.140.15 - - [30/May/2013:17:22:34 +0000] "GET /4989/ HTTP/1.1" 404 502 "-" "Mozilla/5.0 (Windows NT 6.1; WOW64; rv:21.0) Gecko/20100101 Firefox/21.0"
66.175.209.111 - - [30/May/2013:17:22:41 +0000] "POST /4989/ HTTP/1.1" 404 486 "Osclass (v.312)" "-"
115.186.140.15 - - [30/May/2013:17:22:41 +0000] "GET / HTTP/1.1" 200 2859 "-" "Mozilla/5.0 (Windows NT 6.1; WOW64; rv:21.0) Gecko/20100101 Firefox/21.0"
115.186.140.15 - - [30/May/2013:17:22:43 +0000] "GET /4989/oc-content/themes/newcorp/css/style.css HTTP/1.1" 404 526 "http://66.175.209.111/" "Mozilla/5.0 (Windows NT 6.1; WOW64; rv:21.0) Gecko/20100101 Firefox/21.0"
115.186.140.15 - - [30/May/2013:17:22:43 +0000] "GET /4989/oc-content/themes/newcorp/favicon.ico HTTP/1.1" 404 527 "-" "Mozilla/5.0 (Windows NT 6.1; WOW64; rv:21.0) Gecko/20100101 Firefox/21.0"
115.186.140.15 - - [30/May/2013:17:22:43 +0000] "GET /4989/oc-content/themes/newcorp/js/jquery-extends.js HTTP/1.1" 404 532 "http://66.175.209.111/" "Mozilla/5.0 (Windows NT 6.1; WOW64; rv:21.0) Gecko/20100101 Firefox/21.0"
115.186.140.15 - - [30/May/2013:17:22:43 +0000] "GET /4989/oc-content/themes/newcorp/js/jquery.validate.min.js HTTP/1.1" 404 538 "http://66.175.209.111/" "Mozilla/5.0 (Windows NT 6.1; WOW64; rv:21.0) Gecko/20100101 Firefox/21.0"
115.186.140.15 - - [30/May/2013:17:22:43 +0000] "GET /4989/oc-content/themes/newcorp/js/jquery.js HTTP/1.1" 404 528 "http://66.175.209.111/" "Mozilla/5.0 (Windows NT 6.1; WOW64; rv:21.0) Gecko/20100101 Firefox/21.0"
115.186.140.15 - - [30/May/2013:17:22:43 +0000] "GET /4989/oc-content/themes/newcorp/js/global.js HTTP/1.1" 404 529 "http://66.175.209.111/" "Mozilla/5.0 (Windows NT 6.1; WOW64; rv:21.0) Gecko/20100101 Firefox/21.0"
115.186.140.15 - - [30/May/2013:17:22:43 +0000] "GET /4989/oc-content/themes/newcorp/favicon.ico HTTP/1.1" 404 526 "-" "Mozilla/5.0 (Windows NT 6.1; WOW64; rv:21.0) Gecko/20100101 Firefox/21.0"
115.186.140.15 - - [30/May/2013:17:22:43 +0000] "GET /4989/oc-content/themes/newcorp/js/jquery-extends.js HTTP/1.1" 404 531 "http://66.175.209.111/" "Mozilla/5.0 (Windows NT 6.1; WOW64; rv:21.0) Gecko/20100101 Firefox/21.0"
115.186.140.15 - - [30/May/2013:17:22:43 +0000] "GET /4989/oc-content/themes/newcorp/js/jquery.validate.min.js HTTP/1.1" 404 537 "http://66.175.209.111/" "Mozilla/5.0 (Windows NT 6.1; WOW64; rv:21.0) Gecko/20100101 Firefox/21.0"
115.186.140.15 - - [30/May/2013:17:22:44 +0000] "GET /4989/oc-content/themes/newcorp/js/global.js HTTP/1.1" 404 528 "http://66.175.209.111/" "Mozilla/5.0 (Windows NT 6.1; WOW64; rv:21.0) Gecko/20100101 Firefox/21.0"
::1 - - [30/May/2013:17:22:50 +0000] "OPTIONS * HTTP/1.0" 200 126 "-" "Apache/2.2.22 (Ubuntu) (internal dummy connection)"
66.175.209.111 - - [30/May/2013:17:24:03 +0000] "POST /4989/ HTTP/1.1" 404 486 "Osclass (v.312)" "-"
115.186.140.15 - - [30/May/2013:17:24:03 +0000] "GET / HTTP/1.1" 200 2805 "-" "Mozilla/5.0 (Windows NT 6.1; WOW64; rv:21.0) Gecko/20100101 Firefox/21.0"
115.186.140.15 - - [30/May/2013:17:24:03 +0000] "GET /4989/oc-content/themes/newcorp/css/style.css HTTP/1.1" 404 526 "http://66.175.209.111/" "Mozilla/5.0 (Windows NT 6.1; WOW64; rv:21.0) Gecko/20100101 Firefox/21.0"
115.186.140.15 - - [30/May/2013:17:24:04 +0000] "GET /4989/oc-content/themes/newcorp/js/jquery-extends.js HTTP/1.1" 404 532 "http://66.175.209.111/" "Mozilla/5.0 (Windows NT 6.1; WOW64; rv:21.0) Gecko/20100101 Firefox/21.0"
115.186.140.15 - - [30/May/2013:17:24:04 +0000] "GET /4989/oc-content/themes/newcorp/js/jquery.js HTTP/1.1" 404 528 "http://66.175.209.111/" "Mozilla/5.0 (Windows NT 6.1; WOW64; rv:21.0) Gecko/20100101 Firefox/21.0"
115.186.140.15 - - [30/May/2013:17:24:04 +0000] "GET /4989/oc-content/themes/newcorp/js/jquery.validate.min.js HTTP/1.1" 404 538 "http://66.175.209.111/" "Mozilla/5.0 (Windows NT 6.1; WOW64; rv:21.0) Gecko/20100101 Firefox/21.0"
115.186.140.15 - - [30/May/2013:17:24:04 +0000] "GET /4989/oc-content/themes/newcorp/js/global.js HTTP/1.1" 404 529 "http://66.175.209.111/" "Mozilla/5.0 (Windows NT 6.1; WOW64; rv:21.0) Gecko/20100101 Firefox/21.0"
115.186.140.15 - - [30/May/2013:17:24:04 +0000] "GET /4989/oc-content/themes/newcorp/js/jquery-extends.js HTTP/1.1" 404 531 "http://66.175.209.111/" "Mozilla/5.0 (Windows NT 6.1; WOW64; rv:21.0) Gecko/20100101 Firefox/21.0"
115.186.140.15 - - [30/May/2013:17:24:04 +0000] "GET /4989/oc-content/themes/newcorp/js/jquery.validate.min.js HTTP/1.1" 404 537 "http://66.175.209.111/" "Mozilla/5.0 (Windows NT 6.1; WOW64; rv:21.0) Gecko/20100101 Firefox/21.0"
115.186.140.15 - - [30/May/2013:17:24:05 +0000] "GET /4989/oc-content/themes/newcorp/js/global.js HTTP/1.1" 404 528 "http://66.175.209.111/" "Mozilla/5.0 (Windows NT 6.1; WOW64; rv:21.0) Gecko/20100101 Firefox/21.0"
115.186.140.15 - - [30/May/2013:17:43:30 +0000] "GET / HTTP/1.1" 302 523 "-" "Mozilla/5.0 (Windows NT 6.1; WOW64; rv:21.0) Gecko/20100101 Firefox/21.0"
66.175.209.111 - - [30/May/2013:17:43:31 +0000] "POST /4989/ HTTP/1.1" 404 486 "Osclass (v.312)" "-"
115.186.140.15 - - [30/May/2013:17:43:31 +0000] "GET / HTTP/1.1" 200 2803 "-" "Mozilla/5.0 (Windows NT 6.1; WOW64; rv:21.0) Gecko/20100101 Firefox/21.0"
115.186.140.15 - - [30/May/2013:17:43:31 +0000] "GET /4989/oc-content/themes/newcorp/css/style.css HTTP/1.1" 404 526 "http://66.175.209.111/" "Mozilla/5.0 (Windows NT 6.1; WOW64; rv:21.0) Gecko/20100101 Firefox/21.0"
115.186.140.15 - - [30/May/2013:17:43:32 +0000] "GET /4989/oc-content/themes/newcorp/js/jquery-extends.js HTTP/1.1" 404 532 "http://66.175.209.111/" "Mozilla/5.0 (Windows NT 6.1; WOW64; rv:21.0) Gecko/20100101 Firefox/21.0"
115.186.140.15 - - [30/May/2013:17:43:32 +0000] "GET /4989/oc-content/themes/newcorp/js/jquery.js HTTP/1.1" 404 528 "http://66.175.209.111/" "Mozilla/5.0 (Windows NT 6.1; WOW64; rv:21.0) Gecko/20100101 Firefox/21.0"
115.186.140.15 - - [30/May/2013:17:43:32 +0000] "GET /4989/oc-content/themes/newcorp/js/global.js HTTP/1.1" 404 529 "http://66.175.209.111/" "Mozilla/5.0 (Windows NT 6.1; WOW64; rv:21.0) Gecko/20100101 Firefox/21.0"
115.186.140.15 - - [30/May/2013:17:43:32 +0000] "GET /4989/oc-content/themes/newcorp/js/jquery.validate.min.js HTTP/1.1" 404 538 "http://66.175.209.111/" "Mozilla/5.0 (Windows NT 6.1; WOW64; rv:21.0) Gecko/20100101 Firefox/21.0"
115.186.140.15 - - [30/May/2013:17:43:32 +0000] "GET /4989/oc-content/themes/newcorp/js/jquery-extends.js HTTP/1.1" 404 531 "http://66.175.209.111/" "Mozilla/5.0 (Windows NT 6.1; WOW64; rv:21.0) Gecko/20100101 Firefox/21.0"
115.186.140.15 - - [30/May/2013:17:43:33 +0000] "GET /4989/oc-content/themes/newcorp/js/jquery.validate.min.js HTTP/1.1" 404 537 "http://66.175.209.111/" "Mozilla/5.0 (Windows NT 6.1; WOW64; rv:21.0) Gecko/20100101 Firefox/21.0"
115.186.140.15 - - [30/May/2013:17:43:33 +0000] "GET /4989/oc-content/themes/newcorp/js/global.js HTTP/1.1" 404 528 "http://66.175.209.111/" "Mozilla/5.0 (Windows NT 6.1; WOW64; rv:21.0) Gecko/20100101 Firefox/21.0"
::1 - - [30/May/2013:17:43:39 +0000] "OPTIONS * HTTP/1.0" 200 126 "-" "Apache/2.2.22 (Ubuntu) (internal dummy connection)"
208.73.208.170 - - [30/May/2013:18:24:47 +0000] "HEAD / HTTP/1.1" 302 403 "-" "-"
115.186.140.15 - - [30/May/2013:18:49:53 +0000] "GET / HTTP/1.1" 302 467 "-" "Mozilla/5.0 (Windows NT 6.1; WOW64; rv:21.0) Gecko/20100101 Firefox/21.0"
66.175.209.111 - - [30/May/2013:18:49:54 +0000] "POST /4989/ HTTP/1.1" 404 486 "Osclass (v.312)" "-"
115.186.140.15 - - [30/May/2013:18:49:54 +0000] "GET / HTTP/1.1" 200 2804 "-" "Mozilla/5.0 (Windows NT 6.1; WOW64; rv:21.0) Gecko/20100101 Firefox/21.0"
115.186.140.15 - - [30/May/2013:18:49:54 +0000] "GET /4989/oc-content/themes/newcorp/css/style.css HTTP/1.1" 404 526 "http://66.175.209.111/" "Mozilla/5.0 (Windows NT 6.1; WOW64; rv:21.0) Gecko/20100101 Firefox/21.0"
115.186.140.15 - - [30/May/2013:18:49:55 +0000] "GET /4989/oc-content/themes/newcorp/js/jquery.js HTTP/1.1" 404 528 "http://66.175.209.111/" "Mozilla/5.0 (Windows NT 6.1; WOW64; rv:21.0) Gecko/20100101 Firefox/21.0"
115.186.140.15 - - [30/May/2013:18:49:55 +0000] "GET /4989/oc-content/themes/newcorp/js/global.js HTTP/1.1" 404 529 "http://66.175.209.111/" "Mozilla/5.0 (Windows NT 6.1; WOW64; rv:21.0) Gecko/20100101 Firefox/21.0"
115.186.140.15 - - [30/May/2013:18:49:55 +0000] "GET /4989/oc-content/themes/newcorp/js/jquery-extends.js HTTP/1.1" 404 532 "http://66.175.209.111/" "Mozilla/5.0 (Windows NT 6.1; WOW64; rv:21.0) Gecko/20100101 Firefox/21.0"
115.186.140.15 - - [30/May/2013:18:49:55 +0000] "GET /4989/oc-content/themes/newcorp/js/jquery.validate.min.js HTTP/1.1" 404 538 "http://66.175.209.111/" "Mozilla/5.0 (Windows NT 6.1; WOW64; rv:21.0) Gecko/20100101 Firefox/21.0"
115.186.140.15 - - [30/May/2013:18:49:55 +0000] "GET /4989/oc-content/themes/newcorp/js/global.js HTTP/1.1" 404 528 "http://66.175.209.111/" "Mozilla/5.0 (Windows NT 6.1; WOW64; rv:21.0) Gecko/20100101 Firefox/21.0"
::1 - - [30/May/2013:18:50:00 +0000] "OPTIONS * HTTP/1.0" 200 126 "-" "Apache/2.2.22 (Ubuntu) (internal dummy connection)"
115.186.140.15 - - [30/May/2013:18:50:02 +0000] "GET /4989/ HTTP/1.1" 404 502 "http://66.175.209.111/" "Mozilla/5.0 (Windows NT 6.1; WOW64; rv:21.0) Gecko/20100101 Firefox/21.0"
115.186.140.15 - - [30/May/2013:18:50:14 +0000] "GET / HTTP/1.1" 302 467 "-" "Mozilla/5.0 (Windows NT 6.1; WOW64; rv:21.0) Gecko/20100101 Firefox/21.0"
66.175.209.111 - - [30/May/2013:18:50:15 +0000] "POST /4989/ HTTP/1.1" 404 486 "Osclass (v.312)" "-"
115.186.140.15 - - [30/May/2013:18:50:14 +0000] "GET / HTTP/1.1" 200 2806 "-" "Mozilla/5.0 (Windows NT 6.1; WOW64; rv:21.0) Gecko/20100101 Firefox/21.0"
115.186.140.15 - - [30/May/2013:18:50:15 +0000] "GET /4989/oc-content/themes/newcorp/css/style.css HTTP/1.1" 404 526 "http://66.175.209.111/" "Mozilla/5.0 (Windows NT 6.1; WOW64; rv:21.0) Gecko/20100101 Firefox/21.0"
115.186.140.15 - - [30/May/2013:18:50:15 +0000] "GET /4989/oc-content/themes/newcorp/js/jquery.js HTTP/1.1" 404 528 "http://66.175.209.111/" "Mozilla/5.0 (Windows NT 6.1; WOW64; rv:21.0) Gecko/20100101 Firefox/21.0"
115.186.140.15 - - [30/May/2013:18:50:15 +0000] "GET /4989/oc-content/themes/newcorp/js/jquery-extends.js HTTP/1.1" 404 532 "http://66.175.209.111/" "Mozilla/5.0 (Windows NT 6.1; WOW64; rv:21.0) Gecko/20100101 Firefox/21.0"
115.186.140.15 - - [30/May/2013:18:50:15 +0000] "GET /4989/oc-content/themes/newcorp/js/global.js HTTP/1.1" 404 529 "http://66.175.209.111/" "Mozilla/5.0 (Windows NT 6.1; WOW64; rv:21.0) Gecko/20100101 Firefox/21.0"
115.186.140.15 - - [30/May/2013:18:50:15 +0000] "GET /4989/oc-content/themes/newcorp/js/jquery.validate.min.js HTTP/1.1" 404 538 "http://66.175.209.111/" "Mozilla/5.0 (Windows NT 6.1; WOW64; rv:21.0) Gecko/20100101 Firefox/21.0"
115.186.140.15 - - [30/May/2013:18:50:15 +0000] "GET /4989/oc-content/themes/newcorp/js/jquery-extends.js HTTP/1.1" 404 531 "http://66.175.209.111/" "Mozilla/5.0 (Windows NT 6.1; WOW64; rv:21.0) Gecko/20100101 Firefox/21.0"
115.186.140.15 - - [30/May/2013:18:50:16 +0000] "GET /4989/oc-content/themes/newcorp/js/jquery.validate.min.js HTTP/1.1" 404 537 "http://66.175.209.111/" "Mozilla/5.0 (Windows NT 6.1; WOW64; rv:21.0) Gecko/20100101 Firefox/21.0"
115.186.140.15 - - [30/May/2013:18:50:16 +0000] "GET /4989/oc-content/themes/newcorp/js/global.js HTTP/1.1" 404 528 "http://66.175.209.111/" "Mozilla/5.0 (Windows NT 6.1; WOW64; rv:21.0) Gecko/20100101 Firefox/21.0"
::1 - - [30/May/2013:18:50:21 +0000] "OPTIONS * HTTP/1.0" 200 126 "-" "Apache/2.2.22 (Ubuntu) (internal dummy connection)"
115.186.140.15 - - [30/May/2013:18:53:07 +0000] "GET / HTTP/1.1" 302 467 "-" "Mozilla/5.0 (Windows NT 6.1; WOW64; rv:21.0) Gecko/20100101 Firefox/21.0"
66.175.209.111 - - [30/May/2013:18:53:08 +0000] "POST /4989/ HTTP/1.1" 404 486 "Osclass (v.312)" "-"
115.186.140.15 - - [30/May/2013:18:53:08 +0000] "GET / HTTP/1.1" 200 2805 "-" "Mozilla/5.0 (Windows NT 6.1; WOW64; rv:21.0) Gecko/20100101 Firefox/21.0"
115.186.140.15 - - [30/May/2013:18:53:08 +0000] "GET /4989/oc-content/themes/newcorp/css/style.css HTTP/1.1" 404 526 "http://66.175.209.111/" "Mozilla/5.0 (Windows NT 6.1; WOW64; rv:21.0) Gecko/20100101 Firefox/21.0"
115.186.140.15 - - [30/May/2013:18:53:09 +0000] "GET /4989/oc-content/themes/newcorp/js/jquery-extends.js HTTP/1.1" 404 532 "http://66.175.209.111/" "Mozilla/5.0 (Windows NT 6.1; WOW64; rv:21.0) Gecko/20100101 Firefox/21.0"
115.186.140.15 - - [30/May/2013:18:53:09 +0000] "GET /4989/oc-content/themes/newcorp/js/global.js HTTP/1.1" 404 529 "http://66.175.209.111/" "Mozilla/5.0 (Windows NT 6.1; WOW64; rv:21.0) Gecko/20100101 Firefox/21.0"
115.186.140.15 - - [30/May/2013:18:53:09 +0000] "GET /4989/oc-content/themes/newcorp/js/jquery.validate.min.js HTTP/1.1" 404 538 "http://66.175.209.111/" "Mozilla/5.0 (Windows NT 6.1; WOW64; rv:21.0) Gecko/20100101 Firefox/21.0"
115.186.140.15 - - [30/May/2013:18:53:09 +0000] "GET /4989/oc-content/themes/newcorp/js/jquery.js HTTP/1.1" 404 528 "http://66.175.209.111/" "Mozilla/5.0 (Windows NT 6.1; WOW64; rv:21.0) Gecko/20100101 Firefox/21.0"
115.186.140.15 - - [30/May/2013:18:53:09 +0000] "GET /4989/oc-content/themes/newcorp/js/jquery-extends.js HTTP/1.1" 404 531 "http://66.175.209.111/" "Mozilla/5.0 (Windows NT 6.1; WOW64; rv:21.0) Gecko/20100101 Firefox/21.0"
115.186.140.15 - - [30/May/2013:18:53:09 +0000] "GET /4989/oc-content/themes/newcorp/js/jquery.validate.min.js HTTP/1.1" 404 537 "http://66.175.209.111/" "Mozilla/5.0 (Windows NT 6.1; WOW64; rv:21.0) Gecko/20100101 Firefox/21.0"
115.186.140.15 - - [30/May/2013:18:53:09 +0000] "GET /4989/oc-content/themes/newcorp/js/global.js HTTP/1.1" 404 528 "http://66.175.209.111/" "Mozilla/5.0 (Windows NT 6.1; WOW64; rv:21.0) Gecko/20100101 Firefox/21.0"
66.175.209.111 - - [30/May/2013:18:53:13 +0000] "POST /4989/ HTTP/1.1" 404 486 "Osclass (v.312)" "-"
115.186.140.15 - - [30/May/2013:18:53:13 +0000] "GET / HTTP/1.1" 200 2802 "-" "Mozilla/5.0 (Windows NT 6.1; WOW64; rv:21.0) Gecko/20100101 Firefox/21.0"
115.186.140.15 - - [30/May/2013:18:53:13 +0000] "GET /4989/oc-content/themes/newcorp/css/style.css HTTP/1.1" 404 526 "http://66.175.209.111/" "Mozilla/5.0 (Windows NT 6.1; WOW64; rv:21.0) Gecko/20100101 Firefox/21.0"
115.186.140.15 - - [30/May/2013:18:53:13 +0000] "GET /4989/oc-content/themes/newcorp/js/jquery-extends.js HTTP/1.1" 404 531 "http://66.175.209.111/" "Mozilla/5.0 (Windows NT 6.1; WOW64; rv:21.0) Gecko/20100101 Firefox/21.0"
115.186.140.15 - - [30/May/2013:18:53:13 +0000] "GET /4989/oc-content/themes/newcorp/js/jquery.js HTTP/1.1" 404 527 "http://66.175.209.111/" "Mozilla/5.0 (Windows NT 6.1; WOW64; rv:21.0) Gecko/20100101 Firefox/21.0"
115.186.140.15 - - [30/May/2013:18:53:13 +0000] "GET /4989/oc-content/themes/newcorp/js/global.js HTTP/1.1" 404 528 "http://66.175.209.111/" "Mozilla/5.0 (Windows NT 6.1; WOW64; rv:21.0) Gecko/20100101 Firefox/21.0"
115.186.140.15 - - [30/May/2013:18:53:13 +0000] "GET /4989/oc-content/themes/newcorp/js/jquery.validate.min.js HTTP/1.1" 404 537 "http://66.175.209.111/" "Mozilla/5.0 (Windows NT 6.1; WOW64; rv:21.0) Gecko/20100101 Firefox/21.0"
115.186.140.15 - - [30/May/2013:18:53:14 +0000] "GET /4989/oc-content/themes/newcorp/js/jquery-extends.js HTTP/1.1" 404 531 "http://66.175.209.111/" "Mozilla/5.0 (Windows NT 6.1; WOW64; rv:21.0) Gecko/20100101 Firefox/21.0"
115.186.140.15 - - [30/May/2013:18:53:14 +0000] "GET /4989/oc-content/themes/newcorp/js/jquery.validate.min.js HTTP/1.1" 404 537 "http://66.175.209.111/" "Mozilla/5.0 (Windows NT 6.1; WOW64; rv:21.0) Gecko/20100101 Firefox/21.0"
115.186.140.15 - - [30/May/2013:18:53:14 +0000] "GET /4989/oc-content/themes/newcorp/js/global.js HTTP/1.1" 404 528 "http://66.175.209.111/" "Mozilla/5.0 (Windows NT 6.1; WOW64; rv:21.0) Gecko/20100101 Firefox/21.0"
::1 - - [30/May/2013:18:53:20 +0000] "OPTIONS * HTTP/1.0" 200 126 "-" "Apache/2.2.22 (Ubuntu) (internal dummy connection)"
182.188.204.12 - - [30/May/2013:19:27:06 +0000] "GET / HTTP/1.1" 302 467 "-" "Mozilla/5.0 (Windows NT 6.1; WOW64; rv:21.0) Gecko/20100101 Firefox/21.0"
66.175.209.111 - - [30/May/2013:19:27:07 +0000] "POST /4989/ HTTP/1.1" 404 486 "Osclass (v.312)" "-"
182.188.204.12 - - [30/May/2013:19:27:07 +0000] "GET / HTTP/1.1" 200 2805 "-" "Mozilla/5.0 (Windows NT 6.1; WOW64; rv:21.0) Gecko/20100101 Firefox/21.0"
182.188.204.12 - - [30/May/2013:19:27:07 +0000] "GET /4989/oc-content/themes/newcorp/css/style.css HTTP/1.1" 404 526 "http://66.175.209.111/" "Mozilla/5.0 (Windows NT 6.1; WOW64; rv:21.0) Gecko/20100101 Firefox/21.0"
182.188.204.12 - - [30/May/2013:19:27:07 +0000] "GET /4989/oc-content/themes/newcorp/js/jquery.js HTTP/1.1" 404 528 "http://66.175.209.111/" "Mozilla/5.0 (Windows NT 6.1; WOW64; rv:21.0) Gecko/20100101 Firefox/21.0"
182.188.204.12 - - [30/May/2013:19:27:09 +0000] "GET /4989/oc-content/themes/newcorp/js/jquery-extends.js HTTP/1.1" 404 531 "http://66.175.209.111/" "Mozilla/5.0 (Windows NT 6.1; WOW64; rv:21.0) Gecko/20100101 Firefox/21.0"
182.188.204.12 - - [30/May/2013:19:27:09 +0000] "GET /4989/oc-content/themes/newcorp/js/global.js HTTP/1.1" 404 529 "http://66.175.209.111/" "Mozilla/5.0 (Windows NT 6.1; WOW64; rv:21.0) Gecko/20100101 Firefox/21.0"
182.188.204.12 - - [30/May/2013:19:27:09 +0000] "GET /4989/oc-content/themes/newcorp/js/jquery.validate.min.js HTTP/1.1" 404 538 "http://66.175.209.111/" "Mozilla/5.0 (Windows NT 6.1; WOW64; rv:21.0) Gecko/20100101 Firefox/21.0"
182.188.204.12 - - [30/May/2013:19:27:09 +0000] "GET /4989/oc-content/themes/newcorp/js/global.js HTTP/1.1" 404 528 "http://66.175.209.111/" "Mozilla/5.0 (Windows NT 6.1; WOW64; rv:21.0) Gecko/20100101 Firefox/21.0"
182.188.204.12 - - [30/May/2013:19:27:09 +0000] "GET /favicon.ico HTTP/1.1" 200 1443 "-" "Mozilla/5.0 (Windows NT 6.1; WOW64; rv:21.0) Gecko/20100101 Firefox/21.0"
::1 - - [30/May/2013:19:27:13 +0000] "OPTIONS * HTTP/1.0" 200 126 "-" "Apache/2.2.22 (Ubuntu) (internal dummy connection)"
209.73.151.160 - - [30/May/2013:19:27:13 +0000] "GET /bbs/main.php?id=sp01&no=45 HTTP/1.1" 404 490 "http://www.4989.ca/bbs/main.php?id=sp01&no=45" "Mozilla/4.0 (compatible; MSIE 6.0; Windows NT 5.1; SV1; .NET CLR 1.1.4322; .NET CLR 2.0.50727)"
::1 - - [30/May/2013:19:27:14 +0000] "OPTIONS * HTTP/1.0" 200 126 "-" "Apache/2.2.22 (Ubuntu) (internal dummy connection)"
::1 - - [30/May/2013:19:27:15 +0000] "OPTIONS * HTTP/1.0" 200 126 "-" "Apache/2.2.22 (Ubuntu) (internal dummy connection)"
::1 - - [30/May/2013:19:27:16 +0000] "OPTIONS * HTTP/1.0" 200 126 "-" "Apache/2.2.22 (Ubuntu) (internal dummy connection)"
::1 - - [30/May/2013:19:27:17 +0000] "OPTIONS * HTTP/1.0" 200 126 "-" "Apache/2.2.22 (Ubuntu) (internal dummy connection)"
::1 - - [30/May/2013:19:27:18 +0000] "OPTIONS * HTTP/1.0" 200 126 "-" "Apache/2.2.22 (Ubuntu) (internal dummy connection)"
::1 - - [30/May/2013:19:27:19 +0000] "OPTIONS * HTTP/1.0" 200 126 "-" "Apache/2.2.22 (Ubuntu) (internal dummy connection)"
::1 - - [30/May/2013:19:27:20 +0000] "OPTIONS * HTTP/1.0" 200 126 "-" "Apache/2.2.22 (Ubuntu) (internal dummy connection)"
::1 - - [30/May/2013:19:27:21 +0000] "OPTIONS * HTTP/1.0" 200 126 "-" "Apache/2.2.22 (Ubuntu) (internal dummy connection)"
::1 - - [30/May/2013:19:27:22 +0000] "OPTIONS * HTTP/1.0" 200 126 "-" "Apache/2.2.22 (Ubuntu) (internal dummy connection)"
182.188.204.12 - - [30/May/2013:19:27:29 +0000] "GET /4989/index.php?page=contact HTTP/1.1" 404 509 "http://66.175.209.111/" "Mozilla/5.0 (Windows NT 6.1; WOW64; rv:21.0) Gecko/20100101 Firefox/21.0"
66.175.209.111 - - [30/May/2013:19:27:38 +0000] "POST /4989/ HTTP/1.1" 404 486 "Osclass (v.312)" "-"
182.188.204.12 - - [30/May/2013:19:27:38 +0000] "GET / HTTP/1.1" 200 2801 "-" "Mozilla/5.0 (Windows NT 6.1; WOW64; rv:21.0) Gecko/20100101 Firefox/21.0"
182.188.204.12 - - [30/May/2013:19:27:55 +0000] "GET /4989/index.php?page=contact HTTP/1.1" 404 509 "http://66.175.209.111/" "Mozilla/5.0 (Windows NT 6.1; WOW64; rv:21.0) Gecko/20100101 Firefox/21.0"
66.175.209.111 - - [30/May/2013:19:27:56 +0000] "POST /4989/ HTTP/1.1" 404 486 "Osclass (v.312)" "-"
182.188.204.12 - - [30/May/2013:19:27:55 +0000] "GET / HTTP/1.1" 200 2805 "-" "Mozilla/5.0 (Windows NT 6.1; WOW64; rv:21.0) Gecko/20100101 Firefox/21.0"
182.188.204.12 - - [30/May/2013:19:28:02 +0000] "GET /4989/oc-content/themes/newcorp/css/style.css HTTP/1.1" 404 527 "http://66.175.209.111/" "Mozilla/5.0 (Windows NT 6.1; WOW64; rv:21.0) Gecko/20100101 Firefox/21.0"
182.188.204.12 - - [30/May/2013:19:28:03 +0000] "GET /4989/oc-content/themes/newcorp/js/jquery.js HTTP/1.1" 404 528 "http://66.175.209.111/" "Mozilla/5.0 (Windows NT 6.1; WOW64; rv:21.0) Gecko/20100101 Firefox/21.0"
182.188.204.12 - - [30/May/2013:19:28:11 +0000] "GET /4989/oc-content/themes/newcorp/js/global.js HTTP/1.1" 404 529 "http://66.175.209.111/" "Mozilla/5.0 (Windows NT 6.1; WOW64; rv:21.0) Gecko/20100101 Firefox/21.0"
182.188.204.12 - - [30/May/2013:19:28:16 +0000] "GET /4989/oc-content/themes/newcorp/js/jquery-extends.js HTTP/1.1" 404 532 "http://66.175.209.111/" "Mozilla/5.0 (Windows NT 6.1; WOW64; rv:21.0) Gecko/20100101 Firefox/21.0"
182.188.204.12 - - [30/May/2013:19:28:17 +0000] "GET /4989/oc-content/themes/newcorp/js/jquery.validate.min.js HTTP/1.1" 404 538 "http://66.175.209.111/" "Mozilla/5.0 (Windows NT 6.1; WOW64; rv:21.0) Gecko/20100101 Firefox/21.0"
::1 - - [30/May/2013:19:28:25 +0000] "OPTIONS * HTTP/1.0" 200 126 "-" "Apache/2.2.22 (Ubuntu) (internal dummy connection)"
182.188.204.12 - - [30/May/2013:19:28:42 +0000] "GET /4989/oc-content/themes/newcorp/js/global.js HTTP/1.1" 404 529 "http://66.175.209.111/" "Mozilla/5.0 (Windows NT 6.1; WOW64; rv:21.0) Gecko/20100101 Firefox/21.0"
182.188.204.12 - - [30/May/2013:19:28:57 +0000] "POST /4989/index.php HTTP/1.1" 404 509 "http://66.175.209.111/" "Mozilla/5.0 (Windows NT 6.1; WOW64; rv:21.0) Gecko/20100101 Firefox/21.0"
66.175.209.111 - - [30/May/2013:19:29:00 +0000] "POST /4989/ HTTP/1.1" 404 486 "Osclass (v.312)" "-"
182.188.204.12 - - [30/May/2013:19:29:00 +0000] "GET / HTTP/1.1" 200 2803 "-" "Mozilla/5.0 (Windows NT 6.1; WOW64; rv:21.0) Gecko/20100101 Firefox/21.0"
172.219.80.80 - - [30/May/2013:19:31:14 +0000] "GET / HTTP/1.1" 302 467 "-" "Mozilla/5.0 (Macintosh; Intel Mac OS X 10_8_3) AppleWebKit/537.36 (KHTML, like Gecko) Chrome/27.0.1453.93 Safari/537.36"
66.175.209.111 - - [30/May/2013:19:31:14 +0000] "POST /4989/ HTTP/1.1" 404 486 "Osclass (v.312)" "-"
172.219.80.80 - - [30/May/2013:19:31:14 +0000] "GET / HTTP/1.1" 200 2806 "-" "Mozilla/5.0 (Macintosh; Intel Mac OS X 10_8_3) AppleWebKit/537.36 (KHTML, like Gecko) Chrome/27.0.1453.93 Safari/537.36"
172.219.80.80 - - [30/May/2013:19:31:14 +0000] "GET /4989/oc-content/themes/newcorp/css/style.css HTTP/1.1" 404 526 "http://66.175.209.111/" "Mozilla/5.0 (Macintosh; Intel Mac OS X 10_8_3) AppleWebKit/537.36 (KHTML, like Gecko) Chrome/27.0.1453.93 Safari/537.36"
172.219.80.80 - - [30/May/2013:19:31:14 +0000] "GET /4989/oc-content/themes/newcorp/js/jquery.js HTTP/1.1" 404 528 "http://66.175.209.111/" "Mozilla/5.0 (Macintosh; Intel Mac OS X 10_8_3) AppleWebKit/537.36 (KHTML, like Gecko) Chrome/27.0.1453.93 Safari/537.36"
172.219.80.80 - - [30/May/2013:19:31:14 +0000] "GET /4989/oc-content/themes/newcorp/js/jquery-extends.js HTTP/1.1" 404 532 "http://66.175.209.111/" "Mozilla/5.0 (Macintosh; Intel Mac OS X 10_8_3) AppleWebKit/537.36 (KHTML, like Gecko) Chrome/27.0.1453.93 Safari/537.36"
172.219.80.80 - - [30/May/2013:19:31:14 +0000] "GET /4989/oc-content/themes/newcorp/js/jquery.validate.min.js HTTP/1.1" 404 538 "http://66.175.209.111/" "Mozilla/5.0 (Macintosh; Intel Mac OS X 10_8_3) AppleWebKit/537.36 (KHTML, like Gecko) Chrome/27.0.1453.93 Safari/537.36"
172.219.80.80 - - [30/May/2013:19:31:14 +0000] "GET /4989/oc-content/themes/newcorp/js/global.js HTTP/1.1" 404 529 "http://66.175.209.111/" "Mozilla/5.0 (Macintosh; Intel Mac OS X 10_8_3) AppleWebKit/537.36 (KHTML, like Gecko) Chrome/27.0.1453.93 Safari/537.36"
172.219.80.80 - - [30/May/2013:19:31:15 +0000] "GET /4989/oc-content/themes/newcorp/favicon.ico HTTP/1.1" 404 526 "-" "Mozilla/5.0 (Macintosh; Intel Mac OS X 10_8_3) AppleWebKit/537.36 (KHTML, like Gecko) Chrome/27.0.1453.93 Safari/537.36"
::1 - - [30/May/2013:19:31:22 +0000] "OPTIONS * HTTP/1.0" 200 126 "-" "Apache/2.2.22 (Ubuntu) (internal dummy connection)"
::1 - - [30/May/2013:19:31:23 +0000] "OPTIONS * HTTP/1.0" 200 126 "-" "Apache/2.2.22 (Ubuntu) (internal dummy connection)"
::1 - - [30/May/2013:19:31:31 +0000] "OPTIONS * HTTP/1.0" 200 126 "-" "Apache/2.2.22 (Ubuntu) (internal dummy connection)"
172.219.80.80 - - [30/May/2013:19:36:06 +0000] "GET / HTTP/1.1" 302 467 "-" "Mozilla/5.0 (Macintosh; Intel Mac OS X 10_8_3) AppleWebKit/537.36 (KHTML, like Gecko) Chrome/27.0.1453.93 Safari/537.36"
66.175.209.111 - - [30/May/2013:19:36:07 +0000] "POST /4989/ HTTP/1.1" 404 486 "Osclass (v.312)" "-"
172.219.80.80 - - [30/May/2013:19:36:06 +0000] "GET / HTTP/1.1" 200 2805 "-" "Mozilla/5.0 (Macintosh; Intel Mac OS X 10_8_3) AppleWebKit/537.36 (KHTML, like Gecko) Chrome/27.0.1453.93 Safari/537.36"
172.219.80.80 - - [30/May/2013:19:36:07 +0000] "GET /4989/oc-content/themes/newcorp/css/style.css HTTP/1.1" 404 526 "http://66.175.209.111/" "Mozilla/5.0 (Macintosh; Intel Mac OS X 10_8_3) AppleWebKit/537.36 (KHTML, like Gecko) Chrome/27.0.1453.93 Safari/537.36"
172.219.80.80 - - [30/May/2013:19:36:07 +0000] "GET /4989/oc-content/themes/newcorp/js/jquery-extends.js HTTP/1.1" 404 532 "http://66.175.209.111/" "Mozilla/5.0 (Macintosh; Intel Mac OS X 10_8_3) AppleWebKit/537.36 (KHTML, like Gecko) Chrome/27.0.1453.93 Safari/537.36"
172.219.80.80 - - [30/May/2013:19:36:07 +0000] "GET /4989/oc-content/themes/newcorp/js/jquery.js HTTP/1.1" 404 528 "http://66.175.209.111/" "Mozilla/5.0 (Macintosh; Intel Mac OS X 10_8_3) AppleWebKit/537.36 (KHTML, like Gecko) Chrome/27.0.1453.93 Safari/537.36"
172.219.80.80 - - [30/May/2013:19:36:07 +0000] "GET /4989/oc-content/themes/newcorp/js/jquery.validate.min.js HTTP/1.1" 404 538 "http://66.175.209.111/" "Mozilla/5.0 (Macintosh; Intel Mac OS X 10_8_3) AppleWebKit/537.36 (KHTML, like Gecko) Chrome/27.0.1453.93 Safari/537.36"
172.219.80.80 - - [30/May/2013:19:36:07 +0000] "GET /4989/oc-content/themes/newcorp/js/global.js HTTP/1.1" 404 529 "http://66.175.209.111/" "Mozilla/5.0 (Macintosh; Intel Mac OS X 10_8_3) AppleWebKit/537.36 (KHTML, like Gecko) Chrome/27.0.1453.93 Safari/537.36"
172.219.80.80 - - [30/May/2013:19:36:08 +0000] "GET /4989/oc-content/themes/newcorp/favicon.ico HTTP/1.1" 404 526 "-" "Mozilla/5.0 (Macintosh; Intel Mac OS X 10_8_3) AppleWebKit/537.36 (KHTML, like Gecko) Chrome/27.0.1453.93 Safari/537.36"
::1 - - [30/May/2013:19:36:14 +0000] "OPTIONS * HTTP/1.0" 200 126 "-" "Apache/2.2.22 (Ubuntu) (internal dummy connection)"
::1 - - [30/May/2013:19:36:15 +0000] "OPTIONS * HTTP/1.0" 200 126 "-" "Apache/2.2.22 (Ubuntu) (internal dummy connection)"
::1 - - [30/May/2013:19:36:21 +0000] "OPTIONS * HTTP/1.0" 200 126 "-" "Apache/2.2.22 (Ubuntu) (internal dummy connection)"
66.175.209.111 - - [30/May/2013:19:42:19 +0000] "POST /4989/ HTTP/1.1" 404 486 "Osclass (v.312)" "-"
182.188.204.12 - - [30/May/2013:19:42:18 +0000] "GET / HTTP/1.1" 200 2803 "-" "Mozilla/5.0 (Windows NT 6.1; WOW64; rv:21.0) Gecko/20100101 Firefox/21.0"
182.188.204.12 - - [30/May/2013:19:42:19 +0000] "GET /4989/oc-content/themes/newcorp/css/style.css HTTP/1.1" 404 526 "http://66.175.209.111/" "Mozilla/5.0 (Windows NT 6.1; WOW64; rv:21.0) Gecko/20100101 Firefox/21.0"
182.188.204.12 - - [30/May/2013:19:42:19 +0000] "GET /4989/oc-content/themes/newcorp/js/jquery.js HTTP/1.1" 404 528 "http://66.175.209.111/" "Mozilla/5.0 (Windows NT 6.1; WOW64; rv:21.0) Gecko/20100101 Firefox/21.0"
182.188.204.12 - - [30/May/2013:19:42:20 +0000] "GET /4989/oc-content/themes/newcorp/js/jquery-extends.js HTTP/1.1" 404 531 "http://66.175.209.111/" "Mozilla/5.0 (Windows NT 6.1; WOW64; rv:21.0) Gecko/20100101 Firefox/21.0"
182.188.204.12 - - [30/May/2013:19:42:20 +0000] "GET /4989/oc-content/themes/newcorp/js/jquery.validate.min.js HTTP/1.1" 404 537 "http://66.175.209.111/" "Mozilla/5.0 (Windows NT 6.1; WOW64; rv:21.0) Gecko/20100101 Firefox/21.0"
182.188.204.12 - - [30/May/2013:19:42:20 +0000] "GET /4989/oc-content/themes/newcorp/js/global.js HTTP/1.1" 404 529 "http://66.175.209.111/" "Mozilla/5.0 (Windows NT 6.1; WOW64; rv:21.0) Gecko/20100101 Firefox/21.0"
182.188.204.12 - - [30/May/2013:19:42:20 +0000] "GET /4989/oc-content/themes/newcorp/js/global.js HTTP/1.1" 404 528 "http://66.175.209.111/" "Mozilla/5.0 (Windows NT 6.1; WOW64; rv:21.0) Gecko/20100101 Firefox/21.0"
::1 - - [30/May/2013:19:42:26 +0000] "OPTIONS * HTTP/1.0" 200 126 "-" "Apache/2.2.22 (Ubuntu) (internal dummy connection)"
::1 - - [30/May/2013:19:42:27 +0000] "OPTIONS * HTTP/1.0" 200 126 "-" "Apache/2.2.22 (Ubuntu) (internal dummy connection)"
::1 - - [30/May/2013:19:42:28 +0000] "OPTIONS * HTTP/1.0" 200 126 "-" "Apache/2.2.22 (Ubuntu) (internal dummy connection)"
182.188.204.12 - - [30/May/2013:19:42:28 +0000] "GET / HTTP/1.1" 302 467 "-" "Mozilla/5.0 (Windows NT 6.1; WOW64; rv:21.0) Gecko/20100101 Firefox/21.0"
66.175.209.111 - - [30/May/2013:19:42:29 +0000] "POST /4989/ HTTP/1.1" 404 486 "Osclass (v.312)" "-"
182.188.204.12 - - [30/May/2013:19:42:29 +0000] "GET / HTTP/1.1" 200 2801 "-" "Mozilla/5.0 (Windows NT 6.1; WOW64; rv:21.0) Gecko/20100101 Firefox/21.0"
182.188.204.12 - - [30/May/2013:19:42:30 +0000] "GET /4989/oc-content/themes/newcorp/css/style.css HTTP/1.1" 404 526 "http://66.175.209.111/" "Mozilla/5.0 (Windows NT 6.1; WOW64; rv:21.0) Gecko/20100101 Firefox/21.0"
182.188.204.12 - - [30/May/2013:19:42:30 +0000] "GET /4989/oc-content/themes/newcorp/js/jquery.js HTTP/1.1" 404 528 "http://66.175.209.111/" "Mozilla/5.0 (Windows NT 6.1; WOW64; rv:21.0) Gecko/20100101 Firefox/21.0"
182.188.204.12 - - [30/May/2013:19:42:30 +0000] "GET /4989/oc-content/themes/newcorp/js/jquery-extends.js HTTP/1.1" 404 531 "http://66.175.209.111/" "Mozilla/5.0 (Windows NT 6.1; WOW64; rv:21.0) Gecko/20100101 Firefox/21.0"
182.188.204.12 - - [30/May/2013:19:42:30 +0000] "GET /4989/oc-content/themes/newcorp/js/global.js HTTP/1.1" 404 529 "http://66.175.209.111/" "Mozilla/5.0 (Windows NT 6.1; WOW64; rv:21.0) Gecko/20100101 Firefox/21.0"
182.188.204.12 - - [30/May/2013:19:42:30 +0000] "GET /4989/oc-content/themes/newcorp/js/jquery.validate.min.js HTTP/1.1" 404 538 "http://66.175.209.111/" "Mozilla/5.0 (Windows NT 6.1; WOW64; rv:21.0) Gecko/20100101 Firefox/21.0"
182.188.204.12 - - [30/May/2013:19:42:30 +0000] "GET /4989/oc-content/themes/newcorp/js/global.js HTTP/1.1" 404 528 "http://66.175.209.111/" "Mozilla/5.0 (Windows NT 6.1; WOW64; rv:21.0) Gecko/20100101 Firefox/21.0"
::1 - - [30/May/2013:19:42:36 +0000] "OPTIONS * HTTP/1.0" 200 126 "-" "Apache/2.2.22 (Ubuntu) (internal dummy connection)"
::1 - - [30/May/2013:19:42:37 +0000] "OPTIONS * HTTP/1.0" 200 126 "-" "Apache/2.2.22 (Ubuntu) (internal dummy connection)"
::1 - - [30/May/2013:19:42:38 +0000] "OPTIONS * HTTP/1.0" 200 126 "-" "Apache/2.2.22 (Ubuntu) (internal dummy connection)"
::1 - - [30/May/2013:19:42:39 +0000] "OPTIONS * HTTP/1.0" 200 126 "-" "Apache/2.2.22 (Ubuntu) (internal dummy connection)"
::1 - - [30/May/2013:19:42:40 +0000] "OPTIONS * HTTP/1.0" 200 126 "-" "Apache/2.2.22 (Ubuntu) (internal dummy connection)"
::1 - - [30/May/2013:19:42:41 +0000] "OPTIONS * HTTP/1.0" 200 126 "-" "Apache/2.2.22 (Ubuntu) (internal dummy connection)"
::1 - - [30/May/2013:19:42:42 +0000] "OPTIONS * HTTP/1.0" 200 126 "-" "Apache/2.2.22 (Ubuntu) (internal dummy connection)"
172.219.80.80 - - [30/May/2013:19:59:31 +0000] "GET /4989/ HTTP/1.1" 404 502 "http://66.175.209.111/4989/oc-admin/" "Mozilla/5.0 (Macintosh; Intel Mac OS X 10_8_3) AppleWebKit/537.36 (KHTML, like Gecko) Chrome/27.0.1453.93 Safari/537.36"
